2025-02-11 14:32:11,450 - DEBUG - Intentando conectar a WeatherUnlocked...
2025-02-11 14:32:11,452 - DEBUG - Starting new HTTP connection (1): api.weatherunlocked.com:80
2025-02-11 14:32:11,948 - DEBUG - http://api.weatherunlocked.com:80 "GET /api/current/2.4448,-76.6147?app_id=e2c5c5e4&app_key=519d24835c42f18e42f8bfc8f64c3e6a HTTP/1.1" 200 458
2025-02-11 14:32:11,949 - DEBUG - Código de estado HTTP: 200
2025-02-11 14:32:11,950 - DEBUG - URL completa: http://api.weatherunlocked.com/api/current/2.4448,-76.6147?app_id=e2c5c5e4&app_key=519d24835c42f18e42f8bfc8f64c3e6a
2025-02-11 14:32:11,950 - DEBUG - Respuesta: {'lat': 3.55, 'lon': -76.38, 'alt_m': 961.0, 'alt_ft': 3152.89, 'wx_desc': 'Mostly cloudy', 'wx_code': 1, 'wx_icon': 'PartlyCloudyDay.gif', 'temp_c': 25.0, 'temp_f': 77.0, 'feelslike_c': 25.72, 'feelslike_f': 78.3, 'humid_pct': 69.0, 'windspd_mph': 0.0, 'windspd_kmh': 0.0, 'windspd_kts': 0.0, 'windspd_ms': 0.0, 'winddir_deg': 190.0, 'winddir_compass': 'S', 'cloudtotal_pct': 75.0, 'vis_km': 10.0, 'vis_mi': 6.21, 'vis_desc': None, 'slp_mb': 1013.9, 'slp_in': 30.03, 'dewpoint_c': 18.92, 'dewpoint_f': 66.06}
2025-02-11 14:32:11,956 - INFO - Clima actualizado exitosamente: > 25.0°C | Mostly cloudy
> Humedad: 69.0%
2025-02-11 15:18:32,476 - DEBUG - Intentando conectar a WeatherUnlocked...
2025-02-11 15:18:32,479 - DEBUG - Starting new HTTP connection (1): api.weatherunlocked.com:80
2025-02-11 15:18:33,116 - DEBUG - http://api.weatherunlocked.com:80 "GET /api/current/2.4448,-76.6147?app_id=e2c5c5e4&app_key=519d24835c42f18e42f8bfc8f64c3e6a HTTP/1.1" 200 458
2025-02-11 15:18:33,117 - DEBUG - Código de estado HTTP: 200
2025-02-11 15:18:33,117 - DEBUG - URL completa: http://api.weatherunlocked.com/api/current/2.4448,-76.6147?app_id=e2c5c5e4&app_key=519d24835c42f18e42f8bfc8f64c3e6a
2025-02-11 15:18:33,117 - DEBUG - Respuesta: {'lat': 3.55, 'lon': -76.38, 'alt_m': 961.0, 'alt_ft': 3152.89, 'wx_desc': 'Mostly cloudy', 'wx_code': 1, 'wx_icon': 'PartlyCloudyDay.gif', 'temp_c': 25.0, 'temp_f': 77.0, 'feelslike_c': 25.72, 'feelslike_f': 78.3, 'humid_pct': 69.0, 'windspd_mph': 0.0, 'windspd_kmh': 0.0, 'windspd_kts': 0.0, 'windspd_ms': 0.0, 'winddir_deg': 190.0, 'winddir_compass': 'S', 'cloudtotal_pct': 75.0, 'vis_km': 10.0, 'vis_mi': 6.21, 'vis_desc': None, 'slp_mb': 1013.9, 'slp_in': 30.03, 'dewpoint_c': 18.92, 'dewpoint_f': 66.06}
2025-02-11 15:18:33,117 - INFO - Clima actualizado exitosamente: > 25.0°C | Mostly cloudy
> Humedad: 69.0%
2025-02-11 15:20:07,951 - DEBUG - Intentando conectar a WeatherUnlocked...
2025-02-11 15:20:07,954 - DEBUG - Starting new HTTP connection (1): api.weatherunlocked.com:80
2025-02-11 15:20:08,438 - DEBUG - http://api.weatherunlocked.com:80 "GET /api/current/2.4448,-76.6147?app_id=e2c5c5e4&app_key=519d24835c42f18e42f8bfc8f64c3e6a HTTP/1.1" 200 458
2025-02-11 15:20:08,438 - DEBUG - Código de estado HTTP: 200
2025-02-11 15:20:08,439 - DEBUG - URL completa: http://api.weatherunlocked.com/api/current/2.4448,-76.6147?app_id=e2c5c5e4&app_key=519d24835c42f18e42f8bfc8f64c3e6a
2025-02-11 15:20:08,439 - DEBUG - Respuesta: {'lat': 3.55, 'lon': -76.38, 'alt_m': 961.0, 'alt_ft': 3152.89, 'wx_desc': 'Mostly cloudy', 'wx_code': 1, 'wx_icon': 'PartlyCloudyDay.gif', 'temp_c': 25.0, 'temp_f': 77.0, 'feelslike_c': 25.72, 'feelslike_f': 78.3, 'humid_pct': 69.0, 'windspd_mph': 0.0, 'windspd_kmh': 0.0, 'windspd_kts': 0.0, 'windspd_ms': 0.0, 'winddir_deg': 190.0, 'winddir_compass': 'S', 'cloudtotal_pct': 75.0, 'vis_km': 10.0, 'vis_mi': 6.21, 'vis_desc': None, 'slp_mb': 1013.9, 'slp_in': 30.03, 'dewpoint_c': 18.92, 'dewpoint_f': 66.06}
2025-02-11 15:20:08,439 - INFO - Clima actualizado exitosamente: > 25.0°C | Mostly cloudy
> Humedad: 69.0%
2025-02-11 15:22:13,751 - DEBUG - Intentando conectar a WeatherUnlocked...
2025-02-11 15:22:13,758 - DEBUG - Starting new HTTP connection (1): api.weatherunlocked.com:80
2025-02-11 15:22:14,874 - DEBUG - http://api.weatherunlocked.com:80 "GET /api/current/2.4448,-76.6147?app_id=e2c5c5e4&app_key=519d24835c42f18e42f8bfc8f64c3e6a HTTP/1.1" 200 458
2025-02-11 15:22:14,874 - DEBUG - Código de estado HTTP: 200
2025-02-11 15:22:14,875 - DEBUG - URL completa: http://api.weatherunlocked.com/api/current/2.4448,-76.6147?app_id=e2c5c5e4&app_key=519d24835c42f18e42f8bfc8f64c3e6a
2025-02-11 15:22:14,875 - DEBUG - Respuesta: {'lat': 3.55, 'lon': -76.38, 'alt_m': 961.0, 'alt_ft': 3152.89, 'wx_desc': 'Mostly cloudy', 'wx_code': 1, 'wx_icon': 'PartlyCloudyDay.gif', 'temp_c': 25.0, 'temp_f': 77.0, 'feelslike_c': 25.72, 'feelslike_f': 78.3, 'humid_pct': 69.0, 'windspd_mph': 0.0, 'windspd_kmh': 0.0, 'windspd_kts': 0.0, 'windspd_ms': 0.0, 'winddir_deg': 190.0, 'winddir_compass': 'S', 'cloudtotal_pct': 75.0, 'vis_km': 10.0, 'vis_mi': 6.21, 'vis_desc': None, 'slp_mb': 1013.9, 'slp_in': 30.03, 'dewpoint_c': 18.92, 'dewpoint_f': 66.06}
2025-02-11 15:22:14,876 - INFO - Clima actualizado exitosamente: > 25.0°C | Mostly cloudy
> Humedad: 69.0%
2025-02-11 15:37:49,337 - DEBUG - Intentando conectar a WeatherUnlocked...
2025-02-11 15:37:49,339 - DEBUG - Starting new HTTP connection (1): api.weatherunlocked.com:80
2025-02-11 15:37:49,970 - DEBUG - http://api.weatherunlocked.com:80 "GET /api/current/2.4448,-76.6147?app_id=e2c5c5e4&app_key=519d24835c42f18e42f8bfc8f64c3e6a HTTP/1.1" 200 448
2025-02-11 15:37:49,971 - DEBUG - Código de estado HTTP: 200
2025-02-11 15:37:49,971 - DEBUG - URL completa: http://api.weatherunlocked.com/api/current/2.4448,-76.6147?app_id=e2c5c5e4&app_key=519d24835c42f18e42f8bfc8f64c3e6a
2025-02-11 15:37:49,972 - DEBUG - Respuesta: {'lat': 3.55, 'lon': -76.38, 'alt_m': 961.0, 'alt_ft': 3152.89, 'wx_desc': 'Sunny skies', 'wx_code': 0, 'wx_icon': 'Sunny.gif', 'temp_c': 26.0, 'temp_f': 78.8, 'feelslike_c': 26.72, 'feelslike_f': 80.1, 'humid_pct': 61.0, 'windspd_mph': 4.35, 'windspd_kmh': 7.0, 'windspd_kts': 3.78, 'windspd_ms': 1.94, 'winddir_deg': 40.0, 'winddir_compass': 'NE', 'cloudtotal_pct': 50.0, 'vis_km': 10.0, 'vis_mi': 6.21, 'vis_desc': None, 'slp_mb': 1012.9, 'slp_in': 30.0, 'dewpoint_c': 17.91, 'dewpoint_f': 64.23}
2025-02-11 15:37:49,972 - INFO - Clima actualizado exitosamente: > 26.0°C | Sunny skies
> Humedad: 61.0%
2025-02-11 15:49:40,109 - DEBUG - Intentando conectar a WeatherUnlocked...
2025-02-11 15:49:40,114 - DEBUG - Starting new HTTP connection (1): api.weatherunlocked.com:80
2025-02-11 15:49:41,329 - DEBUG - http://api.weatherunlocked.com:80 "GET /api/current/2.4448,-76.6147?app_id=e2c5c5e4&app_key=519d24835c42f18e42f8bfc8f64c3e6a HTTP/1.1" 200 448
2025-02-11 15:49:41,330 - DEBUG - Código de estado HTTP: 200
2025-02-11 15:49:41,330 - DEBUG - URL completa: http://api.weatherunlocked.com/api/current/2.4448,-76.6147?app_id=e2c5c5e4&app_key=519d24835c42f18e42f8bfc8f64c3e6a
2025-02-11 15:49:41,330 - DEBUG - Respuesta: {'lat': 3.55, 'lon': -76.38, 'alt_m': 961.0, 'alt_ft': 3152.89, 'wx_desc': 'Sunny skies', 'wx_code': 0, 'wx_icon': 'Sunny.gif', 'temp_c': 26.0, 'temp_f': 78.8, 'feelslike_c': 26.72, 'feelslike_f': 80.1, 'humid_pct': 61.0, 'windspd_mph': 4.35, 'windspd_kmh': 7.0, 'windspd_kts': 3.78, 'windspd_ms': 1.94, 'winddir_deg': 40.0, 'winddir_compass': 'NE', 'cloudtotal_pct': 50.0, 'vis_km': 10.0, 'vis_mi': 6.21, 'vis_desc': None, 'slp_mb': 1012.9, 'slp_in': 30.0, 'dewpoint_c': 17.91, 'dewpoint_f': 64.23}
2025-02-11 15:49:41,331 - INFO - Clima actualizado exitosamente: > 26.0°C | Sunny skies
> Humedad: 61.0%
2025-02-11 15:50:44,255 - DEBUG - Intentando conectar a WeatherUnlocked...
2025-02-11 15:50:44,257 - DEBUG - Starting new HTTP connection (1): api.weatherunlocked.com:80
2025-02-11 15:50:44,948 - DEBUG - http://api.weatherunlocked.com:80 "GET /api/current/2.4448,-76.6147?app_id=e2c5c5e4&app_key=519d24835c42f18e42f8bfc8f64c3e6a HTTP/1.1" 200 448
2025-02-11 15:50:44,949 - DEBUG - Código de estado HTTP: 200
2025-02-11 15:50:44,949 - DEBUG - URL completa: http://api.weatherunlocked.com/api/current/2.4448,-76.6147?app_id=e2c5c5e4&app_key=519d24835c42f18e42f8bfc8f64c3e6a
2025-02-11 15:50:44,950 - DEBUG - Respuesta: {'lat': 3.55, 'lon': -76.38, 'alt_m': 961.0, 'alt_ft': 3152.89, 'wx_desc': 'Sunny skies', 'wx_code': 0, 'wx_icon': 'Sunny.gif', 'temp_c': 26.0, 'temp_f': 78.8, 'feelslike_c': 26.72, 'feelslike_f': 80.1, 'humid_pct': 61.0, 'windspd_mph': 4.35, 'windspd_kmh': 7.0, 'windspd_kts': 3.78, 'windspd_ms': 1.94, 'winddir_deg': 40.0, 'winddir_compass': 'NE', 'cloudtotal_pct': 50.0, 'vis_km': 10.0, 'vis_mi': 6.21, 'vis_desc': None, 'slp_mb': 1012.9, 'slp_in': 30.0, 'dewpoint_c': 17.91, 'dewpoint_f': 64.23}
2025-02-11 15:50:44,950 - INFO - Clima actualizado exitosamente: > 26.0°C | Sunny skies
> Humedad: 61.0%
2025-02-11 16:01:15,014 - DEBUG - Intentando conectar a WeatherUnlocked...
2025-02-11 16:01:15,016 - DEBUG - Starting new HTTP connection (1): api.weatherunlocked.com:80
2025-02-11 16:01:16,045 - DEBUG - http://api.weatherunlocked.com:80 "GET /api/current/2.4448,-76.6147?app_id=e2c5c5e4&app_key=519d24835c42f18e42f8bfc8f64c3e6a HTTP/1.1" 200 448
2025-02-11 16:01:16,046 - DEBUG - Código de estado HTTP: 200
2025-02-11 16:01:16,046 - DEBUG - URL completa: http://api.weatherunlocked.com/api/current/2.4448,-76.6147?app_id=e2c5c5e4&app_key=519d24835c42f18e42f8bfc8f64c3e6a
2025-02-11 16:01:16,046 - DEBUG - Respuesta: {'lat': 3.55, 'lon': -76.38, 'alt_m': 961.0, 'alt_ft': 3152.89, 'wx_desc': 'Sunny skies', 'wx_code': 0, 'wx_icon': 'Sunny.gif', 'temp_c': 26.0, 'temp_f': 78.8, 'feelslike_c': 26.72, 'feelslike_f': 80.1, 'humid_pct': 61.0, 'windspd_mph': 4.35, 'windspd_kmh': 7.0, 'windspd_kts': 3.78, 'windspd_ms': 1.94, 'winddir_deg': 40.0, 'winddir_compass': 'NE', 'cloudtotal_pct': 50.0, 'vis_km': 10.0, 'vis_mi': 6.21, 'vis_desc': None, 'slp_mb': 1012.9, 'slp_in': 30.0, 'dewpoint_c': 17.91, 'dewpoint_f': 64.23}
2025-02-11 16:01:16,047 - INFO - Clima actualizado exitosamente: > 26.0°C | Sunny skies
> Humedad: 61.0%
2025-02-11 16:03:26,202 - DEBUG - Intentando conectar a WeatherUnlocked...
2025-02-11 16:03:26,204 - DEBUG - Starting new HTTP connection (1): api.weatherunlocked.com:80
2025-02-11 16:03:26,934 - DEBUG - http://api.weatherunlocked.com:80 "GET /api/current/2.4448,-76.6147?app_id=e2c5c5e4&app_key=519d24835c42f18e42f8bfc8f64c3e6a HTTP/1.1" 200 448
2025-02-11 16:03:26,935 - DEBUG - Código de estado HTTP: 200
2025-02-11 16:03:26,936 - DEBUG - URL completa: http://api.weatherunlocked.com/api/current/2.4448,-76.6147?app_id=e2c5c5e4&app_key=519d24835c42f18e42f8bfc8f64c3e6a
2025-02-11 16:03:26,936 - DEBUG - Respuesta: {'lat': 3.55, 'lon': -76.38, 'alt_m': 961.0, 'alt_ft': 3152.89, 'wx_desc': 'Sunny skies', 'wx_code': 0, 'wx_icon': 'Sunny.gif', 'temp_c': 26.0, 'temp_f': 78.8, 'feelslike_c': 26.72, 'feelslike_f': 80.1, 'humid_pct': 61.0, 'windspd_mph': 4.35, 'windspd_kmh': 7.0, 'windspd_kts': 3.78, 'windspd_ms': 1.94, 'winddir_deg': 40.0, 'winddir_compass': 'NE', 'cloudtotal_pct': 50.0, 'vis_km': 10.0, 'vis_mi': 6.21, 'vis_desc': None, 'slp_mb': 1012.9, 'slp_in': 30.0, 'dewpoint_c': 17.91, 'dewpoint_f': 64.23}
2025-02-11 16:03:26,936 - INFO - Clima actualizado exitosamente: > 26.0°C | Sunny skies
> Humedad: 61.0%
2025-02-13 02:59:19,462 - DEBUG - Intentando conectar a WeatherUnlocked...
2025-02-13 02:59:19,465 - DEBUG - Starting new HTTP connection (1): api.weatherunlocked.com:80
2025-02-13 02:59:20,129 - DEBUG - http://api.weatherunlocked.com:80 "GET /api/current/2.4448,-76.6147?app_id=e2c5c5e4&app_key=519d24835c42f18e42f8bfc8f64c3e6a HTTP/1.1" 200 465
2025-02-13 02:59:20,132 - DEBUG - Código de estado HTTP: 200
2025-02-13 02:59:20,133 - DEBUG - URL completa: http://api.weatherunlocked.com/api/current/2.4448,-76.6147?app_id=e2c5c5e4&app_key=519d24835c42f18e42f8bfc8f64c3e6a
2025-02-13 02:59:20,135 - DEBUG - Respuesta: {'lat': 3.55, 'lon': -76.38, 'alt_m': 961.0, 'alt_ft': 3152.89, 'wx_desc': 'Mostly cloudy', 'wx_code': 1, 'wx_icon': 'PartlyCloudyNight.gif', 'temp_c': 22.0, 'temp_f': 71.6, 'feelslike_c': 23.22, 'feelslike_f': 73.8, 'humid_pct': 88.0, 'windspd_mph': 3.73, 'windspd_kmh': 6.0, 'windspd_kts': 3.24, 'windspd_ms': 1.67, 'winddir_deg': 330.0, 'winddir_compass': 'NNW', 'cloudtotal_pct': 75.0, 'vis_km': 10.0, 'vis_mi': 6.21, 'vis_desc': None, 'slp_mb': 1013.9, 'slp_in': 30.03, 'dewpoint_c': 19.92, 'dewpoint_f': 67.86}
2025-02-13 02:59:20,136 - INFO - Clima actualizado exitosamente: > 22.0°C | Mostly cloudy
> Humedad: 88.0%
2025-02-13 02:59:20,172 - DEBUG - Generated new state 1yyR8CbIEQ3kR4HAzR59T6qjUrioo0.
2025-02-13 03:07:15,917 - DEBUG - Intentando conectar a WeatherUnlocked...
2025-02-13 03:07:15,919 - DEBUG - Starting new HTTP connection (1): api.weatherunlocked.com:80
2025-02-13 03:07:16,493 - DEBUG - http://api.weatherunlocked.com:80 "GET /api/current/2.4448,-76.6147?app_id=e2c5c5e4&app_key=519d24835c42f18e42f8bfc8f64c3e6a HTTP/1.1" 200 465
2025-02-13 03:07:16,495 - DEBUG - Código de estado HTTP: 200
2025-02-13 03:07:16,496 - DEBUG - URL completa: http://api.weatherunlocked.com/api/current/2.4448,-76.6147?app_id=e2c5c5e4&app_key=519d24835c42f18e42f8bfc8f64c3e6a
2025-02-13 03:07:16,497 - DEBUG - Respuesta: {'lat': 3.55, 'lon': -76.38, 'alt_m': 961.0, 'alt_ft': 3152.89, 'wx_desc': 'Mostly cloudy', 'wx_code': 1, 'wx_icon': 'PartlyCloudyNight.gif', 'temp_c': 22.0, 'temp_f': 71.6, 'feelslike_c': 23.22, 'feelslike_f': 73.8, 'humid_pct': 88.0, 'windspd_mph': 3.73, 'windspd_kmh': 6.0, 'windspd_kts': 3.24, 'windspd_ms': 1.67, 'winddir_deg': 330.0, 'winddir_compass': 'NNW', 'cloudtotal_pct': 75.0, 'vis_km': 10.0, 'vis_mi': 6.21, 'vis_desc': None, 'slp_mb': 1013.9, 'slp_in': 30.03, 'dewpoint_c': 19.92, 'dewpoint_f': 67.86}
2025-02-13 03:07:16,498 - INFO - Clima actualizado exitosamente: > 22.0°C | Mostly cloudy
> Humedad: 88.0%
2025-02-13 03:07:16,520 - DEBUG - Generated new state U2LzINH2n2jTMTMOvdSbNHyqGCvGYT.
2025-02-13 03:07:33,300 - INFO - "GET /?state=U2LzINH2n2jTMTMOvdSbNHyqGCvGYT&code=4/0ASVgi3J6OkRXTjs2CXimXu1lIAtgLlphFVzA3hRprHGmIRlKcASaIi7gWwps1S9-Hravcw&scope=https://www.googleapis.com/auth/calendar.readonly HTTP/1.1" 200 65
2025-02-13 03:07:33,302 - DEBUG - Encoding `client_id` "384496901896-nra8jk9vhdvpkvlat1qmuu00v4sh5efq.apps.googleusercontent.com" with `client_secret` as Basic auth credentials.
2025-02-13 03:07:33,306 - DEBUG - Requesting url https://oauth2.googleapis.com/token using method POST.
2025-02-13 03:07:33,307 - DEBUG - Supplying headers {'Accept': 'application/json', 'Content-Type': 'application/x-www-form-urlencoded'} and data {'grant_type': 'authorization_code', 'code': '4/0ASVgi3J6OkRXTjs2CXimXu1lIAtgLlphFVzA3hRprHGmIRlKcASaIi7gWwps1S9-Hravcw', 'redirect_uri': 'http://localhost:57971/'}
2025-02-13 03:07:33,308 - DEBUG - Passing through key word arguments {'timeout': None, 'auth': <requests.auth.HTTPBasicAuth object at 0x7fe271976930>, 'verify': None, 'proxies': None, 'cert': None}.
2025-02-13 03:07:33,315 - DEBUG - Starting new HTTPS connection (1): oauth2.googleapis.com:443
2025-02-13 03:07:33,579 - DEBUG - https://oauth2.googleapis.com:443 "POST /token HTTP/1.1" 200 None
2025-02-13 03:07:33,581 - DEBUG - Request to fetch token completed with status 200.
2025-02-13 03:07:33,582 - DEBUG - Request url was https://oauth2.googleapis.com/token
2025-02-13 03:07:33,583 - DEBUG - Request headers were {'User-Agent': 'python-requests/2.32.3', 'Accept-Encoding': 'gzip, deflate', 'Accept': 'application/json', 'Connection': 'keep-alive', 'Content-Type': 'application/x-www-form-urlencoded', 'Content-Length': '157', 'Authorization': 'Basic Mzg0NDk2OTAxODk2LW5yYThqazl2aGR2cGt2bGF0MXFtdXUwMHY0c2g1ZWZxLmFwcHMuZ29vZ2xldXNlcmNvbnRlbnQuY29tOkdPQ1NQWC1OTi1tMzlNcmVockphakhnWklYZVItMHVuN0w5'}
2025-02-13 03:07:33,584 - DEBUG - Request body was grant_type=authorization_code&code=4%2F0ASVgi3J6OkRXTjs2CXimXu1lIAtgLlphFVzA3hRprHGmIRlKcASaIi7gWwps1S9-Hravcw&redirect_uri=http%3A%2F%2Flocalhost%3A57971%2F
2025-02-13 03:07:33,585 - DEBUG - Response headers were {'Pragma': 'no-cache', 'Cache-Control': 'no-cache, no-store, max-age=0, must-revalidate', 'Date': 'Thu, 13 Feb 2025 08:07:33 GMT', 'Expires': 'Mon, 01 Jan 1990 00:00:00 GMT', 'Content-Type': 'application/json; charset=utf-8', 'Vary': 'Origin, X-Origin, Referer', 'Content-Encoding': 'gzip', 'Server': 'scaffolding on HTTPServer2', 'X-XSS-Protection': '0', 'X-Frame-Options': 'SAMEORIGIN', 'X-Content-Type-Options': 'nosniff', 'Alt-Svc': 'h3=":443"; ma=2592000,h3-29=":443"; ma=2592000', 'Transfer-Encoding': 'chunked'} and content {
  "access_token": "ya29.a0AXeO80QS81HsEfUSuEqmSqpNUUtWV-CYsGO_HydvF4mwfq9H83xCE_7M6g_7VRoYpeNJTGOCNrISOj-cqovuSpYLrnQB_HTfqBc78kxoCsUBRzgm3rIHZoivXulo3rKutW-MMJr_OHefN8iD7XtCgD_7nlA5p1kqebxgrYVtaCgYKAV0SARESFQHGX2MiVPiihshjqBb5XrICUB75gg0175",
  "expires_in": 3599,
  "refresh_token": "1//05Js08YWoXXFcCgYIARAAGAUSNwF-L9Ir6EQVahVi9kkNwYU9VqXpeFVnw1eTB2Mswq6IJbSM6Xic1gYQQCjwfhTL3DjT48cX7ZM",
  "scope": "https://www.googleapis.com/auth/calendar.readonly",
  "token_type": "Bearer"
}.
2025-02-13 03:07:33,586 - DEBUG - Invoking 0 token response hooks.
2025-02-13 03:07:33,588 - DEBUG - Obtained token {'access_token': 'ya29.a0AXeO80QS81HsEfUSuEqmSqpNUUtWV-CYsGO_HydvF4mwfq9H83xCE_7M6g_7VRoYpeNJTGOCNrISOj-cqovuSpYLrnQB_HTfqBc78kxoCsUBRzgm3rIHZoivXulo3rKutW-MMJr_OHefN8iD7XtCgD_7nlA5p1kqebxgrYVtaCgYKAV0SARESFQHGX2MiVPiihshjqBb5XrICUB75gg0175', 'expires_in': 3599, 'refresh_token': '1//05Js08YWoXXFcCgYIARAAGAUSNwF-L9Ir6EQVahVi9kkNwYU9VqXpeFVnw1eTB2Mswq6IJbSM6Xic1gYQQCjwfhTL3DjT48cX7ZM', 'scope': ['https://www.googleapis.com/auth/calendar.readonly'], 'token_type': 'Bearer', 'expires_at': 1739437652.588111}.
2025-02-13 03:07:33,601 - INFO - file_cache is only supported with oauth2client<4.0.0
2025-02-13 03:07:33,624 - DEBUG - URL being requested: GET https://www.googleapis.com/calendar/v3/calendars/primary/events?timeMin=2025-02-13T00%3A00%3A00-05%3A00&timeMax=2025-02-14T00%3A00%3A00-05%3A00&singleEvents=true&orderBy=startTime&alt=json
2025-02-13 03:10:30,440 - DEBUG - Intentando conectar a WeatherUnlocked...
2025-02-13 03:10:30,442 - DEBUG - Starting new HTTP connection (1): api.weatherunlocked.com:80
2025-02-13 03:10:31,008 - DEBUG - http://api.weatherunlocked.com:80 "GET /api/current/2.4448,-76.6147?app_id=e2c5c5e4&app_key=519d24835c42f18e42f8bfc8f64c3e6a HTTP/1.1" 200 465
2025-02-13 03:10:31,009 - DEBUG - Código de estado HTTP: 200
2025-02-13 03:10:31,010 - DEBUG - URL completa: http://api.weatherunlocked.com/api/current/2.4448,-76.6147?app_id=e2c5c5e4&app_key=519d24835c42f18e42f8bfc8f64c3e6a
2025-02-13 03:10:31,012 - DEBUG - Respuesta: {'lat': 3.55, 'lon': -76.38, 'alt_m': 961.0, 'alt_ft': 3152.89, 'wx_desc': 'Mostly cloudy', 'wx_code': 1, 'wx_icon': 'PartlyCloudyNight.gif', 'temp_c': 22.0, 'temp_f': 71.6, 'feelslike_c': 23.22, 'feelslike_f': 73.8, 'humid_pct': 88.0, 'windspd_mph': 3.73, 'windspd_kmh': 6.0, 'windspd_kts': 3.24, 'windspd_ms': 1.67, 'winddir_deg': 330.0, 'winddir_compass': 'NNW', 'cloudtotal_pct': 75.0, 'vis_km': 10.0, 'vis_mi': 6.21, 'vis_desc': None, 'slp_mb': 1013.9, 'slp_in': 30.03, 'dewpoint_c': 19.92, 'dewpoint_f': 67.86}
2025-02-13 03:10:31,012 - INFO - Clima actualizado exitosamente: > 22.0°C | Mostly cloudy
> Humedad: 88.0%
2025-02-13 03:10:31,028 - INFO - file_cache is only supported with oauth2client<4.0.0
2025-02-13 03:10:31,041 - DEBUG - URL being requested: GET https://www.googleapis.com/calendar/v3/calendars/primary/events?timeMin=2025-02-13T00%3A00%3A00-05%3A00&timeMax=2025-02-14T00%3A00%3A00-05%3A00&singleEvents=true&orderBy=startTime&alt=json
2025-02-13 03:16:38,732 - DEBUG - Intentando conectar a WeatherUnlocked...
2025-02-13 03:16:38,734 - DEBUG - Starting new HTTP connection (1): api.weatherunlocked.com:80
2025-02-13 03:16:39,283 - DEBUG - http://api.weatherunlocked.com:80 "GET /api/current/2.4448,-76.6147?app_id=e2c5c5e4&app_key=519d24835c42f18e42f8bfc8f64c3e6a HTTP/1.1" 200 465
2025-02-13 03:16:39,285 - DEBUG - Código de estado HTTP: 200
2025-02-13 03:16:39,286 - DEBUG - URL completa: http://api.weatherunlocked.com/api/current/2.4448,-76.6147?app_id=e2c5c5e4&app_key=519d24835c42f18e42f8bfc8f64c3e6a
2025-02-13 03:16:39,287 - DEBUG - Respuesta: {'lat': 3.55, 'lon': -76.38, 'alt_m': 961.0, 'alt_ft': 3152.89, 'wx_desc': 'Mostly cloudy', 'wx_code': 1, 'wx_icon': 'PartlyCloudyNight.gif', 'temp_c': 22.0, 'temp_f': 71.6, 'feelslike_c': 23.22, 'feelslike_f': 73.8, 'humid_pct': 88.0, 'windspd_mph': 3.73, 'windspd_kmh': 6.0, 'windspd_kts': 3.24, 'windspd_ms': 1.67, 'winddir_deg': 330.0, 'winddir_compass': 'NNW', 'cloudtotal_pct': 75.0, 'vis_km': 10.0, 'vis_mi': 6.21, 'vis_desc': None, 'slp_mb': 1013.9, 'slp_in': 30.03, 'dewpoint_c': 19.92, 'dewpoint_f': 67.86}
2025-02-13 03:16:39,288 - INFO - Clima actualizado exitosamente: > 16.0°C | Mostly cloudy
> Humedad: 88.0%
2025-02-13 03:16:39,303 - INFO - file_cache is only supported with oauth2client<4.0.0
2025-02-13 03:16:39,316 - DEBUG - URL being requested: GET https://www.googleapis.com/calendar/v3/calendars/primary/events?timeMin=2025-02-13T00%3A00%3A00-05%3A00&timeMax=2025-02-14T00%3A00%3A00-05%3A00&singleEvents=true&orderBy=startTime&alt=json
2025-02-13 03:19:12,146 - DEBUG - Intentando conectar a WeatherUnlocked...
2025-02-13 03:19:12,147 - DEBUG - Starting new HTTP connection (1): api.weatherunlocked.com:80
2025-02-13 03:19:12,627 - DEBUG - http://api.weatherunlocked.com:80 "GET /api/current/2.4448,-76.6147?app_id=e2c5c5e4&app_key=519d24835c42f18e42f8bfc8f64c3e6a HTTP/1.1" 200 465
2025-02-13 03:19:12,628 - DEBUG - Código de estado HTTP: 200
2025-02-13 03:19:12,629 - DEBUG - URL completa: http://api.weatherunlocked.com/api/current/2.4448,-76.6147?app_id=e2c5c5e4&app_key=519d24835c42f18e42f8bfc8f64c3e6a
2025-02-13 03:19:12,630 - DEBUG - Respuesta: {'lat': 3.55, 'lon': -76.38, 'alt_m': 961.0, 'alt_ft': 3152.89, 'wx_desc': 'Mostly cloudy', 'wx_code': 1, 'wx_icon': 'PartlyCloudyNight.gif', 'temp_c': 22.0, 'temp_f': 71.6, 'feelslike_c': 23.22, 'feelslike_f': 73.8, 'humid_pct': 88.0, 'windspd_mph': 3.73, 'windspd_kmh': 6.0, 'windspd_kts': 3.24, 'windspd_ms': 1.67, 'winddir_deg': 330.0, 'winddir_compass': 'NNW', 'cloudtotal_pct': 75.0, 'vis_km': 10.0, 'vis_mi': 6.21, 'vis_desc': None, 'slp_mb': 1013.9, 'slp_in': 30.03, 'dewpoint_c': 19.92, 'dewpoint_f': 67.86}
2025-02-13 03:19:12,631 - INFO - Clima actualizado exitosamente: > 16.0°C | Mostly cloudy
> Humedad: 88.0%
2025-02-13 03:19:12,644 - INFO - file_cache is only supported with oauth2client<4.0.0
2025-02-13 03:19:12,654 - DEBUG - URL being requested: GET https://www.googleapis.com/calendar/v3/calendars/primary/events?timeMin=2025-02-13T00%3A00%3A00-05%3A00&timeMax=2025-02-14T00%3A00%3A00-05%3A00&singleEvents=true&orderBy=startTime&alt=json
2025-02-13 03:22:04,103 - DEBUG - Intentando conectar a WeatherUnlocked...
2025-02-13 03:22:04,105 - DEBUG - Starting new HTTP connection (1): api.weatherunlocked.com:80
2025-02-13 03:22:05,197 - DEBUG - http://api.weatherunlocked.com:80 "GET /api/current/2.4448,-76.6147?app_id=e2c5c5e4&app_key=519d24835c42f18e42f8bfc8f64c3e6a HTTP/1.1" 200 465
2025-02-13 03:22:05,199 - DEBUG - Código de estado HTTP: 200
2025-02-13 03:22:05,200 - DEBUG - URL completa: http://api.weatherunlocked.com/api/current/2.4448,-76.6147?app_id=e2c5c5e4&app_key=519d24835c42f18e42f8bfc8f64c3e6a
2025-02-13 03:22:05,201 - DEBUG - Respuesta: {'lat': 3.55, 'lon': -76.38, 'alt_m': 961.0, 'alt_ft': 3152.89, 'wx_desc': 'Mostly cloudy', 'wx_code': 1, 'wx_icon': 'PartlyCloudyNight.gif', 'temp_c': 22.0, 'temp_f': 71.6, 'feelslike_c': 23.22, 'feelslike_f': 73.8, 'humid_pct': 88.0, 'windspd_mph': 3.73, 'windspd_kmh': 6.0, 'windspd_kts': 3.24, 'windspd_ms': 1.67, 'winddir_deg': 330.0, 'winddir_compass': 'NNW', 'cloudtotal_pct': 75.0, 'vis_km': 10.0, 'vis_mi': 6.21, 'vis_desc': None, 'slp_mb': 1013.9, 'slp_in': 30.03, 'dewpoint_c': 19.92, 'dewpoint_f': 67.86}
2025-02-13 03:22:05,201 - INFO - Clima actualizado exitosamente: > 16.0°C | Mostly cloudy
> Humedad: 88.0%
2025-02-13 03:22:05,227 - INFO - file_cache is only supported with oauth2client<4.0.0
2025-02-13 03:22:05,249 - DEBUG - URL being requested: GET https://www.googleapis.com/calendar/v3/calendars/primary/events?timeMin=2025-02-13T00%3A00%3A00-05%3A00&timeMax=2025-02-14T00%3A00%3A00-05%3A00&singleEvents=true&orderBy=startTime&alt=json
2025-02-13 03:24:09,294 - DEBUG - Intentando conectar a WeatherUnlocked...
2025-02-13 03:24:09,296 - DEBUG - Starting new HTTP connection (1): api.weatherunlocked.com:80
2025-02-13 03:24:09,779 - DEBUG - http://api.weatherunlocked.com:80 "GET /api/current/2.4448,-76.6147?app_id=e2c5c5e4&app_key=519d24835c42f18e42f8bfc8f64c3e6a HTTP/1.1" 200 465
2025-02-13 03:24:09,780 - DEBUG - Código de estado HTTP: 200
2025-02-13 03:24:09,781 - DEBUG - URL completa: http://api.weatherunlocked.com/api/current/2.4448,-76.6147?app_id=e2c5c5e4&app_key=519d24835c42f18e42f8bfc8f64c3e6a
2025-02-13 03:24:09,782 - DEBUG - Respuesta: {'lat': 3.55, 'lon': -76.38, 'alt_m': 961.0, 'alt_ft': 3152.89, 'wx_desc': 'Mostly cloudy', 'wx_code': 1, 'wx_icon': 'PartlyCloudyNight.gif', 'temp_c': 22.0, 'temp_f': 71.6, 'feelslike_c': 23.22, 'feelslike_f': 73.8, 'humid_pct': 88.0, 'windspd_mph': 3.73, 'windspd_kmh': 6.0, 'windspd_kts': 3.24, 'windspd_ms': 1.67, 'winddir_deg': 330.0, 'winddir_compass': 'NNW', 'cloudtotal_pct': 75.0, 'vis_km': 10.0, 'vis_mi': 6.21, 'vis_desc': None, 'slp_mb': 1013.9, 'slp_in': 30.03, 'dewpoint_c': 19.92, 'dewpoint_f': 67.86}
2025-02-13 03:24:09,783 - INFO - Clima actualizado exitosamente: > 16.0°C | Mostly cloudy
> Humedad: 88.0%
2025-02-13 03:24:09,798 - INFO - file_cache is only supported with oauth2client<4.0.0
2025-02-13 03:24:09,811 - DEBUG - URL being requested: GET https://www.googleapis.com/calendar/v3/calendars/primary/events?timeMin=2025-02-13T00%3A00%3A00-05%3A00&timeMax=2025-02-14T00%3A00%3A00-05%3A00&singleEvents=true&orderBy=startTime&alt=json
2025-02-13 03:27:54,439 - DEBUG - Intentando conectar a WeatherUnlocked...
2025-02-13 03:27:54,441 - DEBUG - Starting new HTTP connection (1): api.weatherunlocked.com:80
2025-02-13 03:27:55,923 - DEBUG - http://api.weatherunlocked.com:80 "GET /api/current/2.4448,-76.6147?app_id=e2c5c5e4&app_key=519d24835c42f18e42f8bfc8f64c3e6a HTTP/1.1" 200 465
2025-02-13 03:27:55,925 - DEBUG - Código de estado HTTP: 200
2025-02-13 03:27:55,926 - DEBUG - URL completa: http://api.weatherunlocked.com/api/current/2.4448,-76.6147?app_id=e2c5c5e4&app_key=519d24835c42f18e42f8bfc8f64c3e6a
2025-02-13 03:27:55,927 - DEBUG - Respuesta: {'lat': 3.55, 'lon': -76.38, 'alt_m': 961.0, 'alt_ft': 3152.89, 'wx_desc': 'Mostly cloudy', 'wx_code': 1, 'wx_icon': 'PartlyCloudyNight.gif', 'temp_c': 22.0, 'temp_f': 71.6, 'feelslike_c': 23.22, 'feelslike_f': 73.8, 'humid_pct': 88.0, 'windspd_mph': 3.73, 'windspd_kmh': 6.0, 'windspd_kts': 3.24, 'windspd_ms': 1.67, 'winddir_deg': 330.0, 'winddir_compass': 'NNW', 'cloudtotal_pct': 75.0, 'vis_km': 10.0, 'vis_mi': 6.21, 'vis_desc': None, 'slp_mb': 1013.9, 'slp_in': 30.03, 'dewpoint_c': 19.92, 'dewpoint_f': 67.86}
2025-02-13 03:27:55,928 - INFO - Clima actualizado exitosamente: > 16.0°C | Mostly cloudy
> Humedad: 88.0%
2025-02-13 03:27:55,951 - INFO - file_cache is only supported with oauth2client<4.0.0
2025-02-13 03:27:55,964 - DEBUG - URL being requested: GET https://www.googleapis.com/calendar/v3/calendars/primary/events?timeMin=2025-02-13T00%3A00%3A00-05%3A00&timeMax=2025-02-14T00%3A00%3A00-05%3A00&singleEvents=true&orderBy=startTime&alt=json
2025-02-13 03:29:50,537 - DEBUG - Intentando conectar a WeatherUnlocked...
2025-02-13 03:29:50,540 - DEBUG - Starting new HTTP connection (1): api.weatherunlocked.com:80
2025-02-13 03:29:51,055 - DEBUG - http://api.weatherunlocked.com:80 "GET /api/current/2.4448,-76.6147?app_id=e2c5c5e4&app_key=519d24835c42f18e42f8bfc8f64c3e6a HTTP/1.1" 200 465
2025-02-13 03:29:51,056 - DEBUG - Código de estado HTTP: 200
2025-02-13 03:29:51,057 - DEBUG - URL completa: http://api.weatherunlocked.com/api/current/2.4448,-76.6147?app_id=e2c5c5e4&app_key=519d24835c42f18e42f8bfc8f64c3e6a
2025-02-13 03:29:51,058 - DEBUG - Respuesta: {'lat': 3.55, 'lon': -76.38, 'alt_m': 961.0, 'alt_ft': 3152.89, 'wx_desc': 'Mostly cloudy', 'wx_code': 1, 'wx_icon': 'PartlyCloudyNight.gif', 'temp_c': 22.0, 'temp_f': 71.6, 'feelslike_c': 23.22, 'feelslike_f': 73.8, 'humid_pct': 88.0, 'windspd_mph': 3.73, 'windspd_kmh': 6.0, 'windspd_kts': 3.24, 'windspd_ms': 1.67, 'winddir_deg': 330.0, 'winddir_compass': 'NNW', 'cloudtotal_pct': 75.0, 'vis_km': 10.0, 'vis_mi': 6.21, 'vis_desc': None, 'slp_mb': 1013.9, 'slp_in': 30.03, 'dewpoint_c': 19.92, 'dewpoint_f': 67.86}
2025-02-13 03:29:51,059 - INFO - Clima actualizado exitosamente: > 16.0°C | Mostly cloudy
> Humedad: 88.0%
2025-02-13 03:29:51,075 - INFO - file_cache is only supported with oauth2client<4.0.0
2025-02-13 03:29:51,087 - DEBUG - URL being requested: GET https://www.googleapis.com/calendar/v3/calendars/primary/events?timeMin=2025-02-13T00%3A00%3A00-05%3A00&timeMax=2025-02-14T00%3A00%3A00-05%3A00&singleEvents=true&orderBy=startTime&alt=json
2025-02-13 03:30:29,909 - DEBUG - Intentando conectar a WeatherUnlocked...
2025-02-13 03:30:29,911 - DEBUG - Starting new HTTP connection (1): api.weatherunlocked.com:80
2025-02-13 03:30:30,441 - DEBUG - http://api.weatherunlocked.com:80 "GET /api/current/2.4448,-76.6147?app_id=e2c5c5e4&app_key=519d24835c42f18e42f8bfc8f64c3e6a HTTP/1.1" 200 465
2025-02-13 03:30:30,442 - DEBUG - Código de estado HTTP: 200
2025-02-13 03:30:30,443 - DEBUG - URL completa: http://api.weatherunlocked.com/api/current/2.4448,-76.6147?app_id=e2c5c5e4&app_key=519d24835c42f18e42f8bfc8f64c3e6a
2025-02-13 03:30:30,444 - DEBUG - Respuesta: {'lat': 3.55, 'lon': -76.38, 'alt_m': 961.0, 'alt_ft': 3152.89, 'wx_desc': 'Mostly cloudy', 'wx_code': 1, 'wx_icon': 'PartlyCloudyNight.gif', 'temp_c': 22.0, 'temp_f': 71.6, 'feelslike_c': 23.22, 'feelslike_f': 73.8, 'humid_pct': 88.0, 'windspd_mph': 3.73, 'windspd_kmh': 6.0, 'windspd_kts': 3.24, 'windspd_ms': 1.67, 'winddir_deg': 330.0, 'winddir_compass': 'NNW', 'cloudtotal_pct': 75.0, 'vis_km': 10.0, 'vis_mi': 6.21, 'vis_desc': None, 'slp_mb': 1013.9, 'slp_in': 30.03, 'dewpoint_c': 19.92, 'dewpoint_f': 67.86}
2025-02-13 03:30:30,445 - INFO - Clima actualizado exitosamente: > 16.0°C | Mostly cloudy
> Humedad: 88.0%
2025-02-13 03:30:30,462 - INFO - file_cache is only supported with oauth2client<4.0.0
2025-02-13 03:30:30,473 - DEBUG - URL being requested: GET https://www.googleapis.com/calendar/v3/calendars/primary/events?timeMin=2025-02-13T00%3A00%3A00-05%3A00&timeMax=2025-02-14T00%3A00%3A00-05%3A00&singleEvents=true&orderBy=startTime&alt=json
2025-02-13 03:33:05,832 - DEBUG - Intentando conectar a WeatherUnlocked...
2025-02-13 03:33:05,834 - DEBUG - Starting new HTTP connection (1): api.weatherunlocked.com:80
2025-02-13 03:33:06,364 - DEBUG - http://api.weatherunlocked.com:80 "GET /api/current/2.4448,-76.6147?app_id=e2c5c5e4&app_key=519d24835c42f18e42f8bfc8f64c3e6a HTTP/1.1" 200 462
2025-02-13 03:33:06,365 - DEBUG - Código de estado HTTP: 200
2025-02-13 03:33:06,366 - DEBUG - URL completa: http://api.weatherunlocked.com/api/current/2.4448,-76.6147?app_id=e2c5c5e4&app_key=519d24835c42f18e42f8bfc8f64c3e6a
2025-02-13 03:33:06,367 - DEBUG - Respuesta: {'lat': 3.55, 'lon': -76.38, 'alt_m': 961.0, 'alt_ft': 3152.89, 'wx_desc': 'Mostly cloudy', 'wx_code': 1, 'wx_icon': 'PartlyCloudyNight.gif', 'temp_c': 21.0, 'temp_f': 69.8, 'feelslike_c': 22.02, 'feelslike_f': 71.64, 'humid_pct': 94.0, 'windspd_mph': 4.35, 'windspd_kmh': 7.0, 'windspd_kts': 3.78, 'windspd_ms': 1.94, 'winddir_deg': 350.0, 'winddir_compass': 'N', 'cloudtotal_pct': 75.0, 'vis_km': 10.0, 'vis_mi': 6.21, 'vis_desc': None, 'slp_mb': 1013.9, 'slp_in': 30.03, 'dewpoint_c': 20.0, 'dewpoint_f': 68.0}
2025-02-13 03:33:06,368 - INFO - Clima actualizado exitosamente: > 15.0°C | Mostly cloudy
> Humedad: 94.0%
2025-02-13 03:33:06,387 - INFO - file_cache is only supported with oauth2client<4.0.0
2025-02-13 03:33:06,403 - DEBUG - URL being requested: GET https://www.googleapis.com/calendar/v3/calendars/primary/events?timeMin=2025-02-13T00%3A00%3A00-05%3A00&timeMax=2025-02-14T00%3A00%3A00-05%3A00&singleEvents=true&orderBy=startTime&alt=json
2025-02-13 03:36:52,531 - DEBUG - Intentando conectar a WeatherUnlocked...
2025-02-13 03:36:52,533 - DEBUG - Starting new HTTP connection (1): api.weatherunlocked.com:80
2025-02-13 03:36:53,078 - DEBUG - http://api.weatherunlocked.com:80 "GET /api/current/2.4448,-76.6147?app_id=e2c5c5e4&app_key=519d24835c42f18e42f8bfc8f64c3e6a HTTP/1.1" 200 462
2025-02-13 03:36:53,080 - DEBUG - Código de estado HTTP: 200
2025-02-13 03:36:53,081 - DEBUG - URL completa: http://api.weatherunlocked.com/api/current/2.4448,-76.6147?app_id=e2c5c5e4&app_key=519d24835c42f18e42f8bfc8f64c3e6a
2025-02-13 03:36:53,082 - DEBUG - Respuesta: {'lat': 3.55, 'lon': -76.38, 'alt_m': 961.0, 'alt_ft': 3152.89, 'wx_desc': 'Mostly cloudy', 'wx_code': 1, 'wx_icon': 'PartlyCloudyNight.gif', 'temp_c': 21.0, 'temp_f': 69.8, 'feelslike_c': 22.02, 'feelslike_f': 71.64, 'humid_pct': 94.0, 'windspd_mph': 4.35, 'windspd_kmh': 7.0, 'windspd_kts': 3.78, 'windspd_ms': 1.94, 'winddir_deg': 350.0, 'winddir_compass': 'N', 'cloudtotal_pct': 75.0, 'vis_km': 10.0, 'vis_mi': 6.21, 'vis_desc': None, 'slp_mb': 1013.9, 'slp_in': 30.03, 'dewpoint_c': 20.0, 'dewpoint_f': 68.0}
2025-02-13 03:36:53,083 - INFO - Clima actualizado exitosamente: > 15.0°C | Mostly cloudy
> Humedad: 94.0%
2025-02-13 03:36:53,101 - INFO - file_cache is only supported with oauth2client<4.0.0
2025-02-13 03:36:53,115 - DEBUG - URL being requested: GET https://www.googleapis.com/calendar/v3/calendars/primary/events?timeMin=2025-02-13T00%3A00%3A00-05%3A00&timeMax=2025-02-14T00%3A00%3A00-05%3A00&singleEvents=true&orderBy=startTime&alt=json
2025-02-13 03:40:06,628 - DEBUG - Intentando conectar a WeatherUnlocked...
2025-02-13 03:40:06,633 - DEBUG - Starting new HTTP connection (1): api.weatherunlocked.com:80
2025-02-13 03:40:07,201 - DEBUG - http://api.weatherunlocked.com:80 "GET /api/current/2.4448,-76.6147?app_id=e2c5c5e4&app_key=519d24835c42f18e42f8bfc8f64c3e6a HTTP/1.1" 200 462
2025-02-13 03:40:07,204 - DEBUG - Código de estado HTTP: 200
2025-02-13 03:40:07,205 - DEBUG - URL completa: http://api.weatherunlocked.com/api/current/2.4448,-76.6147?app_id=e2c5c5e4&app_key=519d24835c42f18e42f8bfc8f64c3e6a
2025-02-13 03:40:07,206 - DEBUG - Respuesta: {'lat': 3.55, 'lon': -76.38, 'alt_m': 961.0, 'alt_ft': 3152.89, 'wx_desc': 'Mostly cloudy', 'wx_code': 1, 'wx_icon': 'PartlyCloudyNight.gif', 'temp_c': 21.0, 'temp_f': 69.8, 'feelslike_c': 22.02, 'feelslike_f': 71.64, 'humid_pct': 94.0, 'windspd_mph': 4.35, 'windspd_kmh': 7.0, 'windspd_kts': 3.78, 'windspd_ms': 1.94, 'winddir_deg': 350.0, 'winddir_compass': 'N', 'cloudtotal_pct': 75.0, 'vis_km': 10.0, 'vis_mi': 6.21, 'vis_desc': None, 'slp_mb': 1013.9, 'slp_in': 30.03, 'dewpoint_c': 20.0, 'dewpoint_f': 68.0}
2025-02-13 03:40:07,207 - INFO - Clima actualizado exitosamente: > 15.0°C | Mostly cloudy
> Humedad: 94.0%
2025-02-13 03:40:07,228 - INFO - file_cache is only supported with oauth2client<4.0.0
2025-02-13 03:40:07,246 - DEBUG - URL being requested: GET https://www.googleapis.com/calendar/v3/calendars/primary/events?timeMin=2025-02-13T00%3A00%3A00-05%3A00&timeMax=2025-02-14T00%3A00%3A00-05%3A00&singleEvents=true&orderBy=startTime&alt=json
2025-02-13 03:45:13,912 - DEBUG - URL being requested: GET https://www.googleapis.com/calendar/v3/calendars/primary/events?timeMin=2025-02-13T00%3A00%3A00-05%3A00&timeMax=2025-02-14T00%3A00%3A00-05%3A00&singleEvents=true&orderBy=startTime&alt=json
2025-02-13 03:46:28,484 - DEBUG - Intentando conectar a WeatherUnlocked...
2025-02-13 03:46:28,486 - DEBUG - Starting new HTTP connection (1): api.weatherunlocked.com:80
2025-02-13 03:46:29,003 - DEBUG - http://api.weatherunlocked.com:80 "GET /api/current/2.4448,-76.6147?app_id=e2c5c5e4&app_key=519d24835c42f18e42f8bfc8f64c3e6a HTTP/1.1" 200 462
2025-02-13 03:46:29,004 - DEBUG - Código de estado HTTP: 200
2025-02-13 03:46:29,005 - DEBUG - URL completa: http://api.weatherunlocked.com/api/current/2.4448,-76.6147?app_id=e2c5c5e4&app_key=519d24835c42f18e42f8bfc8f64c3e6a
2025-02-13 03:46:29,005 - DEBUG - Respuesta: {'lat': 3.55, 'lon': -76.38, 'alt_m': 961.0, 'alt_ft': 3152.89, 'wx_desc': 'Mostly cloudy', 'wx_code': 1, 'wx_icon': 'PartlyCloudyNight.gif', 'temp_c': 21.0, 'temp_f': 69.8, 'feelslike_c': 22.02, 'feelslike_f': 71.64, 'humid_pct': 94.0, 'windspd_mph': 4.35, 'windspd_kmh': 7.0, 'windspd_kts': 3.78, 'windspd_ms': 1.94, 'winddir_deg': 350.0, 'winddir_compass': 'N', 'cloudtotal_pct': 75.0, 'vis_km': 10.0, 'vis_mi': 6.21, 'vis_desc': None, 'slp_mb': 1013.9, 'slp_in': 30.03, 'dewpoint_c': 20.0, 'dewpoint_f': 68.0}
2025-02-13 03:46:29,006 - INFO - Clima actualizado exitosamente: > 15.0°C | Mostly cloudy
> Humedad: 94.0%
2025-02-13 03:46:29,020 - INFO - file_cache is only supported with oauth2client<4.0.0
2025-02-13 03:46:29,030 - DEBUG - URL being requested: GET https://www.googleapis.com/calendar/v3/calendars/primary/events?timeMin=2025-02-13T00%3A00%3A00-05%3A00&timeMax=2025-02-14T00%3A00%3A00-05%3A00&singleEvents=true&orderBy=startTime&alt=json
2025-02-13 03:47:45,444 - DEBUG - Intentando conectar a WeatherUnlocked...
2025-02-13 03:47:45,446 - DEBUG - Starting new HTTP connection (1): api.weatherunlocked.com:80
2025-02-13 03:47:45,950 - DEBUG - http://api.weatherunlocked.com:80 "GET /api/current/2.4448,-76.6147?app_id=e2c5c5e4&app_key=519d24835c42f18e42f8bfc8f64c3e6a HTTP/1.1" 200 462
2025-02-13 03:47:45,951 - DEBUG - Código de estado HTTP: 200
2025-02-13 03:47:45,952 - DEBUG - URL completa: http://api.weatherunlocked.com/api/current/2.4448,-76.6147?app_id=e2c5c5e4&app_key=519d24835c42f18e42f8bfc8f64c3e6a
2025-02-13 03:47:45,953 - DEBUG - Respuesta: {'lat': 3.55, 'lon': -76.38, 'alt_m': 961.0, 'alt_ft': 3152.89, 'wx_desc': 'Mostly cloudy', 'wx_code': 1, 'wx_icon': 'PartlyCloudyNight.gif', 'temp_c': 21.0, 'temp_f': 69.8, 'feelslike_c': 22.02, 'feelslike_f': 71.64, 'humid_pct': 94.0, 'windspd_mph': 4.35, 'windspd_kmh': 7.0, 'windspd_kts': 3.78, 'windspd_ms': 1.94, 'winddir_deg': 350.0, 'winddir_compass': 'N', 'cloudtotal_pct': 75.0, 'vis_km': 10.0, 'vis_mi': 6.21, 'vis_desc': None, 'slp_mb': 1013.9, 'slp_in': 30.03, 'dewpoint_c': 20.0, 'dewpoint_f': 68.0}
2025-02-13 03:47:45,954 - INFO - Clima actualizado exitosamente: > 15.0°C | Mostly cloudy
> Humedad: 94.0%
2025-02-13 03:47:45,971 - INFO - file_cache is only supported with oauth2client<4.0.0
2025-02-13 03:47:45,982 - DEBUG - URL being requested: GET https://www.googleapis.com/calendar/v3/calendars/primary/events?timeMin=2025-02-13T00%3A00%3A00-05%3A00&timeMax=2025-02-14T00%3A00%3A00-05%3A00&singleEvents=true&orderBy=startTime&alt=json
2025-02-13 03:48:39,746 - DEBUG - Intentando conectar a WeatherUnlocked...
2025-02-13 03:48:39,750 - DEBUG - Starting new HTTP connection (1): api.weatherunlocked.com:80
2025-02-13 03:48:40,298 - DEBUG - http://api.weatherunlocked.com:80 "GET /api/current/2.4448,-76.6147?app_id=e2c5c5e4&app_key=519d24835c42f18e42f8bfc8f64c3e6a HTTP/1.1" 200 462
2025-02-13 03:48:40,299 - DEBUG - Código de estado HTTP: 200
2025-02-13 03:48:40,300 - DEBUG - URL completa: http://api.weatherunlocked.com/api/current/2.4448,-76.6147?app_id=e2c5c5e4&app_key=519d24835c42f18e42f8bfc8f64c3e6a
2025-02-13 03:48:40,301 - DEBUG - Respuesta: {'lat': 3.55, 'lon': -76.38, 'alt_m': 961.0, 'alt_ft': 3152.89, 'wx_desc': 'Mostly cloudy', 'wx_code': 1, 'wx_icon': 'PartlyCloudyNight.gif', 'temp_c': 21.0, 'temp_f': 69.8, 'feelslike_c': 22.02, 'feelslike_f': 71.64, 'humid_pct': 94.0, 'windspd_mph': 4.35, 'windspd_kmh': 7.0, 'windspd_kts': 3.78, 'windspd_ms': 1.94, 'winddir_deg': 350.0, 'winddir_compass': 'N', 'cloudtotal_pct': 75.0, 'vis_km': 10.0, 'vis_mi': 6.21, 'vis_desc': None, 'slp_mb': 1013.9, 'slp_in': 30.03, 'dewpoint_c': 20.0, 'dewpoint_f': 68.0}
2025-02-13 03:48:40,302 - INFO - Clima actualizado exitosamente: > 15.0°C | Mostly cloudy
> Humedad: 94.0%
2025-02-13 03:48:40,320 - INFO - file_cache is only supported with oauth2client<4.0.0
2025-02-13 03:48:40,335 - DEBUG - URL being requested: GET https://www.googleapis.com/calendar/v3/calendars/primary/events?timeMin=2025-02-13T00%3A00%3A00-05%3A00&timeMax=2025-02-14T00%3A00%3A00-05%3A00&singleEvents=true&orderBy=startTime&alt=json
2025-02-13 03:49:47,035 - DEBUG - Intentando conectar a WeatherUnlocked...
2025-02-13 03:49:47,038 - DEBUG - Starting new HTTP connection (1): api.weatherunlocked.com:80
2025-02-13 03:49:47,560 - DEBUG - http://api.weatherunlocked.com:80 "GET /api/current/2.4448,-76.6147?app_id=e2c5c5e4&app_key=519d24835c42f18e42f8bfc8f64c3e6a HTTP/1.1" 200 462
2025-02-13 03:49:47,562 - DEBUG - Código de estado HTTP: 200
2025-02-13 03:49:47,563 - DEBUG - URL completa: http://api.weatherunlocked.com/api/current/2.4448,-76.6147?app_id=e2c5c5e4&app_key=519d24835c42f18e42f8bfc8f64c3e6a
2025-02-13 03:49:47,564 - DEBUG - Respuesta: {'lat': 3.55, 'lon': -76.38, 'alt_m': 961.0, 'alt_ft': 3152.89, 'wx_desc': 'Mostly cloudy', 'wx_code': 1, 'wx_icon': 'PartlyCloudyNight.gif', 'temp_c': 21.0, 'temp_f': 69.8, 'feelslike_c': 22.02, 'feelslike_f': 71.64, 'humid_pct': 94.0, 'windspd_mph': 4.35, 'windspd_kmh': 7.0, 'windspd_kts': 3.78, 'windspd_ms': 1.94, 'winddir_deg': 350.0, 'winddir_compass': 'N', 'cloudtotal_pct': 75.0, 'vis_km': 10.0, 'vis_mi': 6.21, 'vis_desc': None, 'slp_mb': 1013.9, 'slp_in': 30.03, 'dewpoint_c': 20.0, 'dewpoint_f': 68.0}
2025-02-13 03:49:47,565 - INFO - Clima actualizado exitosamente: > 15.0°C | Mostly cloudy
> Humedad: 94.0%
2025-02-13 03:49:47,586 - INFO - file_cache is only supported with oauth2client<4.0.0
2025-02-13 03:49:47,600 - DEBUG - URL being requested: GET https://www.googleapis.com/calendar/v3/calendars/primary/events?timeMin=2025-02-13T00%3A00%3A00-05%3A00&timeMax=2025-02-14T00%3A00%3A00-05%3A00&singleEvents=true&orderBy=startTime&alt=json
2025-02-13 03:51:27,040 - DEBUG - Intentando conectar a WeatherUnlocked...
2025-02-13 03:51:27,051 - DEBUG - Starting new HTTP connection (1): api.weatherunlocked.com:80
2025-02-13 03:51:27,561 - DEBUG - http://api.weatherunlocked.com:80 "GET /api/current/2.4448,-76.6147?app_id=e2c5c5e4&app_key=519d24835c42f18e42f8bfc8f64c3e6a HTTP/1.1" 200 462
2025-02-13 03:51:27,563 - DEBUG - Código de estado HTTP: 200
2025-02-13 03:51:27,564 - DEBUG - URL completa: http://api.weatherunlocked.com/api/current/2.4448,-76.6147?app_id=e2c5c5e4&app_key=519d24835c42f18e42f8bfc8f64c3e6a
2025-02-13 03:51:27,565 - DEBUG - Respuesta: {'lat': 3.55, 'lon': -76.38, 'alt_m': 961.0, 'alt_ft': 3152.89, 'wx_desc': 'Mostly cloudy', 'wx_code': 1, 'wx_icon': 'PartlyCloudyNight.gif', 'temp_c': 21.0, 'temp_f': 69.8, 'feelslike_c': 22.02, 'feelslike_f': 71.64, 'humid_pct': 94.0, 'windspd_mph': 4.35, 'windspd_kmh': 7.0, 'windspd_kts': 3.78, 'windspd_ms': 1.94, 'winddir_deg': 350.0, 'winddir_compass': 'N', 'cloudtotal_pct': 75.0, 'vis_km': 10.0, 'vis_mi': 6.21, 'vis_desc': None, 'slp_mb': 1013.9, 'slp_in': 30.03, 'dewpoint_c': 20.0, 'dewpoint_f': 68.0}
2025-02-13 03:51:27,566 - INFO - Clima actualizado exitosamente: > 15.0°C | Mostly cloudy
> Humedad: 94.0%
2025-02-13 03:51:27,583 - INFO - file_cache is only supported with oauth2client<4.0.0
2025-02-13 03:51:27,598 - DEBUG - URL being requested: GET https://www.googleapis.com/calendar/v3/calendars/primary/events?timeMin=2025-02-13T00%3A00%3A00-05%3A00&timeMax=2025-02-14T00%3A00%3A00-05%3A00&singleEvents=true&orderBy=startTime&alt=json
2025-02-13 03:53:34,949 - DEBUG - Intentando conectar a WeatherUnlocked...
2025-02-13 03:53:34,951 - DEBUG - Starting new HTTP connection (1): api.weatherunlocked.com:80
2025-02-13 03:53:35,461 - DEBUG - http://api.weatherunlocked.com:80 "GET /api/current/2.4448,-76.6147?app_id=e2c5c5e4&app_key=519d24835c42f18e42f8bfc8f64c3e6a HTTP/1.1" 200 462
2025-02-13 03:53:35,463 - DEBUG - Código de estado HTTP: 200
2025-02-13 03:53:35,464 - DEBUG - URL completa: http://api.weatherunlocked.com/api/current/2.4448,-76.6147?app_id=e2c5c5e4&app_key=519d24835c42f18e42f8bfc8f64c3e6a
2025-02-13 03:53:35,465 - DEBUG - Respuesta: {'lat': 3.55, 'lon': -76.38, 'alt_m': 961.0, 'alt_ft': 3152.89, 'wx_desc': 'Mostly cloudy', 'wx_code': 1, 'wx_icon': 'PartlyCloudyNight.gif', 'temp_c': 21.0, 'temp_f': 69.8, 'feelslike_c': 22.02, 'feelslike_f': 71.64, 'humid_pct': 94.0, 'windspd_mph': 4.35, 'windspd_kmh': 7.0, 'windspd_kts': 3.78, 'windspd_ms': 1.94, 'winddir_deg': 350.0, 'winddir_compass': 'N', 'cloudtotal_pct': 75.0, 'vis_km': 10.0, 'vis_mi': 6.21, 'vis_desc': None, 'slp_mb': 1013.9, 'slp_in': 30.03, 'dewpoint_c': 20.0, 'dewpoint_f': 68.0}
2025-02-13 03:53:35,466 - INFO - Clima actualizado exitosamente: > 15.0°C | Mostly cloudy
> Humedad: 94.0%
2025-02-13 03:53:35,486 - INFO - file_cache is only supported with oauth2client<4.0.0
2025-02-13 03:53:35,500 - DEBUG - URL being requested: GET https://www.googleapis.com/calendar/v3/calendars/primary/events?timeMin=2025-02-13T00%3A00%3A00-05%3A00&timeMax=2025-02-14T00%3A00%3A00-05%3A00&singleEvents=true&orderBy=startTime&alt=json
2025-02-13 03:55:37,187 - DEBUG - Intentando conectar a WeatherUnlocked...
2025-02-13 03:55:37,189 - DEBUG - Starting new HTTP connection (1): api.weatherunlocked.com:80
2025-02-13 03:55:37,736 - DEBUG - http://api.weatherunlocked.com:80 "GET /api/current/2.4448,-76.6147?app_id=e2c5c5e4&app_key=519d24835c42f18e42f8bfc8f64c3e6a HTTP/1.1" 200 462
2025-02-13 03:55:37,738 - DEBUG - Código de estado HTTP: 200
2025-02-13 03:55:37,738 - DEBUG - URL completa: http://api.weatherunlocked.com/api/current/2.4448,-76.6147?app_id=e2c5c5e4&app_key=519d24835c42f18e42f8bfc8f64c3e6a
2025-02-13 03:55:37,739 - DEBUG - Respuesta: {'lat': 3.55, 'lon': -76.38, 'alt_m': 961.0, 'alt_ft': 3152.89, 'wx_desc': 'Mostly cloudy', 'wx_code': 1, 'wx_icon': 'PartlyCloudyNight.gif', 'temp_c': 21.0, 'temp_f': 69.8, 'feelslike_c': 22.02, 'feelslike_f': 71.64, 'humid_pct': 94.0, 'windspd_mph': 4.35, 'windspd_kmh': 7.0, 'windspd_kts': 3.78, 'windspd_ms': 1.94, 'winddir_deg': 350.0, 'winddir_compass': 'N', 'cloudtotal_pct': 75.0, 'vis_km': 10.0, 'vis_mi': 6.21, 'vis_desc': None, 'slp_mb': 1013.9, 'slp_in': 30.03, 'dewpoint_c': 20.0, 'dewpoint_f': 68.0}
2025-02-13 03:55:37,740 - INFO - Clima actualizado exitosamente: > 15.0°C | Mostly cloudy
> Humedad: 94.0%
2025-02-13 03:55:37,760 - INFO - file_cache is only supported with oauth2client<4.0.0
2025-02-13 03:55:37,773 - DEBUG - URL being requested: GET https://www.googleapis.com/calendar/v3/calendars/primary/events?timeMin=2025-02-13T00%3A00%3A00-05%3A00&timeMax=2025-02-14T00%3A00%3A00-05%3A00&singleEvents=true&orderBy=startTime&alt=json
2025-02-13 03:57:57,415 - DEBUG - Intentando conectar a WeatherUnlocked...
2025-02-13 03:57:57,419 - DEBUG - Starting new HTTP connection (1): api.weatherunlocked.com:80
2025-02-13 03:57:57,961 - DEBUG - http://api.weatherunlocked.com:80 "GET /api/current/2.4448,-76.6147?app_id=e2c5c5e4&app_key=519d24835c42f18e42f8bfc8f64c3e6a HTTP/1.1" 200 462
2025-02-13 03:57:57,962 - DEBUG - Código de estado HTTP: 200
2025-02-13 03:57:57,963 - DEBUG - URL completa: http://api.weatherunlocked.com/api/current/2.4448,-76.6147?app_id=e2c5c5e4&app_key=519d24835c42f18e42f8bfc8f64c3e6a
2025-02-13 03:57:57,964 - DEBUG - Respuesta: {'lat': 3.55, 'lon': -76.38, 'alt_m': 961.0, 'alt_ft': 3152.89, 'wx_desc': 'Mostly cloudy', 'wx_code': 1, 'wx_icon': 'PartlyCloudyNight.gif', 'temp_c': 21.0, 'temp_f': 69.8, 'feelslike_c': 22.02, 'feelslike_f': 71.64, 'humid_pct': 94.0, 'windspd_mph': 4.35, 'windspd_kmh': 7.0, 'windspd_kts': 3.78, 'windspd_ms': 1.94, 'winddir_deg': 350.0, 'winddir_compass': 'N', 'cloudtotal_pct': 75.0, 'vis_km': 10.0, 'vis_mi': 6.21, 'vis_desc': None, 'slp_mb': 1013.9, 'slp_in': 30.03, 'dewpoint_c': 20.0, 'dewpoint_f': 68.0}
2025-02-13 03:57:57,965 - INFO - Clima actualizado exitosamente: > 15.0°C | Mostly cloudy
> Humedad: 94.0%
2025-02-13 03:57:57,983 - INFO - file_cache is only supported with oauth2client<4.0.0
2025-02-13 03:57:57,997 - DEBUG - URL being requested: GET https://www.googleapis.com/calendar/v3/calendars/primary/events?timeMin=2025-02-13T00%3A00%3A00-05%3A00&timeMax=2025-02-14T00%3A00%3A00-05%3A00&singleEvents=true&orderBy=startTime&alt=json
2025-02-13 04:01:54,016 - DEBUG - Intentando conectar a WeatherUnlocked...
2025-02-13 04:01:54,018 - DEBUG - Starting new HTTP connection (1): api.weatherunlocked.com:80
2025-02-13 04:01:54,507 - DEBUG - http://api.weatherunlocked.com:80 "GET /api/current/2.4448,-76.6147?app_id=e2c5c5e4&app_key=519d24835c42f18e42f8bfc8f64c3e6a HTTP/1.1" 200 462
2025-02-13 04:01:54,508 - DEBUG - Código de estado HTTP: 200
2025-02-13 04:01:54,509 - DEBUG - URL completa: http://api.weatherunlocked.com/api/current/2.4448,-76.6147?app_id=e2c5c5e4&app_key=519d24835c42f18e42f8bfc8f64c3e6a
2025-02-13 04:01:54,510 - DEBUG - Respuesta: {'lat': 3.55, 'lon': -76.38, 'alt_m': 961.0, 'alt_ft': 3152.89, 'wx_desc': 'Mostly cloudy', 'wx_code': 1, 'wx_icon': 'PartlyCloudyNight.gif', 'temp_c': 21.0, 'temp_f': 69.8, 'feelslike_c': 22.02, 'feelslike_f': 71.64, 'humid_pct': 94.0, 'windspd_mph': 4.35, 'windspd_kmh': 7.0, 'windspd_kts': 3.78, 'windspd_ms': 1.94, 'winddir_deg': 350.0, 'winddir_compass': 'N', 'cloudtotal_pct': 75.0, 'vis_km': 10.0, 'vis_mi': 6.21, 'vis_desc': None, 'slp_mb': 1013.9, 'slp_in': 30.03, 'dewpoint_c': 20.0, 'dewpoint_f': 68.0}
2025-02-13 04:01:54,511 - INFO - Clima actualizado exitosamente: > 15.0°C | Mostly cloudy
> Humedad: 94.0%
2025-02-13 04:01:54,525 - INFO - file_cache is only supported with oauth2client<4.0.0
2025-02-13 04:01:54,537 - DEBUG - URL being requested: GET https://www.googleapis.com/calendar/v3/calendars/primary/events?timeMin=2025-02-13T00%3A00%3A00-05%3A00&timeMax=2025-02-14T00%3A00%3A00-05%3A00&singleEvents=true&orderBy=startTime&alt=json
2025-02-13 04:02:11,927 - DEBUG - Intentando conectar a WeatherUnlocked...
2025-02-13 04:02:11,930 - DEBUG - Starting new HTTP connection (1): api.weatherunlocked.com:80
2025-02-13 04:02:12,473 - DEBUG - http://api.weatherunlocked.com:80 "GET /api/current/2.4448,-76.6147?app_id=e2c5c5e4&app_key=519d24835c42f18e42f8bfc8f64c3e6a HTTP/1.1" 200 462
2025-02-13 04:02:12,474 - DEBUG - Código de estado HTTP: 200
2025-02-13 04:02:12,475 - DEBUG - URL completa: http://api.weatherunlocked.com/api/current/2.4448,-76.6147?app_id=e2c5c5e4&app_key=519d24835c42f18e42f8bfc8f64c3e6a
2025-02-13 04:02:12,476 - DEBUG - Respuesta: {'lat': 3.55, 'lon': -76.38, 'alt_m': 961.0, 'alt_ft': 3152.89, 'wx_desc': 'Mostly cloudy', 'wx_code': 1, 'wx_icon': 'PartlyCloudyNight.gif', 'temp_c': 21.0, 'temp_f': 69.8, 'feelslike_c': 22.02, 'feelslike_f': 71.64, 'humid_pct': 94.0, 'windspd_mph': 4.35, 'windspd_kmh': 7.0, 'windspd_kts': 3.78, 'windspd_ms': 1.94, 'winddir_deg': 350.0, 'winddir_compass': 'N', 'cloudtotal_pct': 75.0, 'vis_km': 10.0, 'vis_mi': 6.21, 'vis_desc': None, 'slp_mb': 1013.9, 'slp_in': 30.03, 'dewpoint_c': 20.0, 'dewpoint_f': 68.0}
2025-02-13 04:02:12,477 - INFO - Clima actualizado exitosamente: > 15.0°C | Mostly cloudy
> Humedad: 94.0%
2025-02-13 04:02:12,494 - INFO - file_cache is only supported with oauth2client<4.0.0
2025-02-13 04:02:12,506 - DEBUG - URL being requested: GET https://www.googleapis.com/calendar/v3/calendars/primary/events?timeMin=2025-02-13T00%3A00%3A00-05%3A00&timeMax=2025-02-14T00%3A00%3A00-05%3A00&singleEvents=true&orderBy=startTime&alt=json
2025-02-13 04:03:46,968 - DEBUG - Intentando conectar a WeatherUnlocked...
2025-02-13 04:03:46,971 - DEBUG - Starting new HTTP connection (1): api.weatherunlocked.com:80
2025-02-13 04:03:47,502 - DEBUG - http://api.weatherunlocked.com:80 "GET /api/current/2.4448,-76.6147?app_id=e2c5c5e4&app_key=519d24835c42f18e42f8bfc8f64c3e6a HTTP/1.1" 200 457
2025-02-13 04:03:47,503 - DEBUG - Código de estado HTTP: 200
2025-02-13 04:03:47,504 - DEBUG - URL completa: http://api.weatherunlocked.com/api/current/2.4448,-76.6147?app_id=e2c5c5e4&app_key=519d24835c42f18e42f8bfc8f64c3e6a
2025-02-13 04:03:47,505 - DEBUG - Respuesta: {'lat': 3.55, 'lon': -76.38, 'alt_m': 961.0, 'alt_ft': 3152.89, 'wx_desc': 'Mostly cloudy', 'wx_code': 1, 'wx_icon': 'PartlyCloudyNight.gif', 'temp_c': 20.0, 'temp_f': 68.0, 'feelslike_c': 25.56, 'feelslike_f': 78.0, 'humid_pct': 94.0, 'windspd_mph': 0.0, 'windspd_kmh': 0.0, 'windspd_kts': 0.0, 'windspd_ms': 0.0, 'winddir_deg': 0.0, 'winddir_compass': 'N', 'cloudtotal_pct': 75.0, 'vis_km': 10.0, 'vis_mi': 6.21, 'vis_desc': None, 'slp_mb': 1012.9, 'slp_in': 30.0, 'dewpoint_c': 19.01, 'dewpoint_f': 66.21}
2025-02-13 04:03:47,506 - INFO - Clima actualizado exitosamente: > 14.0°C | Mostly cloudy
> Humedad: 94.0%
2025-02-13 04:03:47,521 - INFO - file_cache is only supported with oauth2client<4.0.0
2025-02-13 04:03:47,534 - DEBUG - URL being requested: GET https://www.googleapis.com/calendar/v3/calendars/primary/events?timeMin=2025-02-13T00%3A00%3A00-05%3A00&timeMax=2025-02-14T00%3A00%3A00-05%3A00&singleEvents=true&orderBy=startTime&alt=json
2025-02-13 04:05:14,978 - DEBUG - Intentando conectar a WeatherUnlocked...
2025-02-13 04:05:14,980 - DEBUG - Starting new HTTP connection (1): api.weatherunlocked.com:80
2025-02-13 04:05:15,459 - DEBUG - http://api.weatherunlocked.com:80 "GET /api/current/2.4448,-76.6147?app_id=e2c5c5e4&app_key=519d24835c42f18e42f8bfc8f64c3e6a HTTP/1.1" 200 457
2025-02-13 04:05:15,461 - DEBUG - Código de estado HTTP: 200
2025-02-13 04:05:15,462 - DEBUG - URL completa: http://api.weatherunlocked.com/api/current/2.4448,-76.6147?app_id=e2c5c5e4&app_key=519d24835c42f18e42f8bfc8f64c3e6a
2025-02-13 04:05:15,463 - DEBUG - Respuesta: {'lat': 3.55, 'lon': -76.38, 'alt_m': 961.0, 'alt_ft': 3152.89, 'wx_desc': 'Mostly cloudy', 'wx_code': 1, 'wx_icon': 'PartlyCloudyNight.gif', 'temp_c': 20.0, 'temp_f': 68.0, 'feelslike_c': 25.56, 'feelslike_f': 78.0, 'humid_pct': 94.0, 'windspd_mph': 0.0, 'windspd_kmh': 0.0, 'windspd_kts': 0.0, 'windspd_ms': 0.0, 'winddir_deg': 0.0, 'winddir_compass': 'N', 'cloudtotal_pct': 75.0, 'vis_km': 10.0, 'vis_mi': 6.21, 'vis_desc': None, 'slp_mb': 1012.9, 'slp_in': 30.0, 'dewpoint_c': 19.01, 'dewpoint_f': 66.21}
2025-02-13 04:05:15,464 - INFO - Clima actualizado exitosamente: > 14.0°C | Mostly cloudy
> Humedad: 94.0%
2025-02-13 04:05:15,480 - DEBUG - Making request: POST https://oauth2.googleapis.com/token
2025-02-13 04:05:15,483 - DEBUG - Starting new HTTPS connection (1): oauth2.googleapis.com:443
2025-02-13 04:05:15,751 - DEBUG - https://oauth2.googleapis.com:443 "POST /token HTTP/1.1" 200 None
2025-02-13 04:05:15,763 - INFO - file_cache is only supported with oauth2client<4.0.0
2025-02-13 04:05:15,782 - DEBUG - URL being requested: GET https://www.googleapis.com/calendar/v3/calendars/primary/events?timeMin=2025-02-13T00%3A00%3A00-05%3A00&timeMax=2025-02-14T00%3A00%3A00-05%3A00&singleEvents=true&orderBy=startTime&alt=json
2025-02-13 04:06:46,867 - DEBUG - Intentando conectar a WeatherUnlocked...
2025-02-13 04:06:46,869 - DEBUG - Starting new HTTP connection (1): api.weatherunlocked.com:80
2025-02-13 04:06:47,463 - DEBUG - http://api.weatherunlocked.com:80 "GET /api/current/2.4448,-76.6147?app_id=e2c5c5e4&app_key=519d24835c42f18e42f8bfc8f64c3e6a HTTP/1.1" 200 457
2025-02-13 04:06:47,465 - DEBUG - Código de estado HTTP: 200
2025-02-13 04:06:47,465 - DEBUG - URL completa: http://api.weatherunlocked.com/api/current/2.4448,-76.6147?app_id=e2c5c5e4&app_key=519d24835c42f18e42f8bfc8f64c3e6a
2025-02-13 04:06:47,466 - DEBUG - Respuesta: {'lat': 3.55, 'lon': -76.38, 'alt_m': 961.0, 'alt_ft': 3152.89, 'wx_desc': 'Mostly cloudy', 'wx_code': 1, 'wx_icon': 'PartlyCloudyNight.gif', 'temp_c': 20.0, 'temp_f': 68.0, 'feelslike_c': 25.56, 'feelslike_f': 78.0, 'humid_pct': 94.0, 'windspd_mph': 0.0, 'windspd_kmh': 0.0, 'windspd_kts': 0.0, 'windspd_ms': 0.0, 'winddir_deg': 0.0, 'winddir_compass': 'N', 'cloudtotal_pct': 75.0, 'vis_km': 10.0, 'vis_mi': 6.21, 'vis_desc': None, 'slp_mb': 1012.9, 'slp_in': 30.0, 'dewpoint_c': 19.01, 'dewpoint_f': 66.21}
2025-02-13 04:06:47,467 - INFO - Clima actualizado exitosamente: > 14.0°C | Mostly cloudy
> Humedad: 94.0%
2025-02-13 04:06:47,486 - INFO - file_cache is only supported with oauth2client<4.0.0
2025-02-13 04:06:47,499 - DEBUG - URL being requested: GET https://www.googleapis.com/calendar/v3/calendars/primary/events?timeMin=2025-02-13T00%3A00%3A00-05%3A00&timeMax=2025-02-14T00%3A00%3A00-05%3A00&singleEvents=true&orderBy=startTime&alt=json
2025-02-13 04:08:30,147 - DEBUG - Intentando conectar a WeatherUnlocked...
2025-02-13 04:08:30,149 - DEBUG - Starting new HTTP connection (1): api.weatherunlocked.com:80
2025-02-13 04:08:30,674 - DEBUG - http://api.weatherunlocked.com:80 "GET /api/current/2.4448,-76.6147?app_id=e2c5c5e4&app_key=519d24835c42f18e42f8bfc8f64c3e6a HTTP/1.1" 200 457
2025-02-13 04:08:30,676 - DEBUG - Código de estado HTTP: 200
2025-02-13 04:08:30,737 - DEBUG - URL completa: http://api.weatherunlocked.com/api/current/2.4448,-76.6147?app_id=e2c5c5e4&app_key=519d24835c42f18e42f8bfc8f64c3e6a
2025-02-13 04:08:30,738 - DEBUG - Respuesta: {'lat': 3.55, 'lon': -76.38, 'alt_m': 961.0, 'alt_ft': 3152.89, 'wx_desc': 'Mostly cloudy', 'wx_code': 1, 'wx_icon': 'PartlyCloudyNight.gif', 'temp_c': 20.0, 'temp_f': 68.0, 'feelslike_c': 25.56, 'feelslike_f': 78.0, 'humid_pct': 94.0, 'windspd_mph': 0.0, 'windspd_kmh': 0.0, 'windspd_kts': 0.0, 'windspd_ms': 0.0, 'winddir_deg': 0.0, 'winddir_compass': 'N', 'cloudtotal_pct': 75.0, 'vis_km': 10.0, 'vis_mi': 6.21, 'vis_desc': None, 'slp_mb': 1012.9, 'slp_in': 30.0, 'dewpoint_c': 19.01, 'dewpoint_f': 66.21}
2025-02-13 04:08:30,739 - INFO - Clima actualizado exitosamente: > 14.0°C | Mostly cloudy
> Humedad: 94.0%
2025-02-13 04:08:30,755 - INFO - file_cache is only supported with oauth2client<4.0.0
2025-02-13 04:08:30,768 - DEBUG - URL being requested: GET https://www.googleapis.com/calendar/v3/calendars/primary/events?timeMin=2025-02-13T00%3A00%3A00-05%3A00&timeMax=2025-02-14T00%3A00%3A00-05%3A00&singleEvents=true&orderBy=startTime&alt=json
2025-02-13 04:09:14,393 - DEBUG - Intentando conectar a WeatherUnlocked...
2025-02-13 04:09:14,397 - DEBUG - Starting new HTTP connection (1): api.weatherunlocked.com:80
2025-02-13 04:09:15,968 - DEBUG - http://api.weatherunlocked.com:80 "GET /api/current/2.4448,-76.6147?app_id=e2c5c5e4&app_key=519d24835c42f18e42f8bfc8f64c3e6a HTTP/1.1" 200 457
2025-02-13 04:09:15,970 - DEBUG - Código de estado HTTP: 200
2025-02-13 04:09:15,971 - DEBUG - URL completa: http://api.weatherunlocked.com/api/current/2.4448,-76.6147?app_id=e2c5c5e4&app_key=519d24835c42f18e42f8bfc8f64c3e6a
2025-02-13 04:09:15,973 - DEBUG - Respuesta: {'lat': 3.55, 'lon': -76.38, 'alt_m': 961.0, 'alt_ft': 3152.89, 'wx_desc': 'Mostly cloudy', 'wx_code': 1, 'wx_icon': 'PartlyCloudyNight.gif', 'temp_c': 20.0, 'temp_f': 68.0, 'feelslike_c': 25.56, 'feelslike_f': 78.0, 'humid_pct': 94.0, 'windspd_mph': 0.0, 'windspd_kmh': 0.0, 'windspd_kts': 0.0, 'windspd_ms': 0.0, 'winddir_deg': 0.0, 'winddir_compass': 'N', 'cloudtotal_pct': 75.0, 'vis_km': 10.0, 'vis_mi': 6.21, 'vis_desc': None, 'slp_mb': 1012.9, 'slp_in': 30.0, 'dewpoint_c': 19.01, 'dewpoint_f': 66.21}
2025-02-13 04:09:15,974 - INFO - Clima actualizado exitosamente: > 14.0°C | Mostly cloudy
> Humedad: 94.0%
2025-02-13 04:09:15,996 - INFO - file_cache is only supported with oauth2client<4.0.0
2025-02-13 04:09:16,010 - DEBUG - URL being requested: GET https://www.googleapis.com/calendar/v3/calendars/primary/events?timeMin=2025-02-13T00%3A00%3A00-05%3A00&timeMax=2025-02-14T00%3A00%3A00-05%3A00&singleEvents=true&orderBy=startTime&alt=json
2025-02-13 04:11:31,334 - DEBUG - Intentando conectar a WeatherUnlocked...
2025-02-13 04:11:31,338 - DEBUG - Starting new HTTP connection (1): api.weatherunlocked.com:80
2025-02-13 04:11:31,857 - DEBUG - http://api.weatherunlocked.com:80 "GET /api/current/2.4448,-76.6147?app_id=e2c5c5e4&app_key=519d24835c42f18e42f8bfc8f64c3e6a HTTP/1.1" 200 457
2025-02-13 04:11:31,858 - DEBUG - Código de estado HTTP: 200
2025-02-13 04:11:31,859 - DEBUG - URL completa: http://api.weatherunlocked.com/api/current/2.4448,-76.6147?app_id=e2c5c5e4&app_key=519d24835c42f18e42f8bfc8f64c3e6a
2025-02-13 04:11:31,860 - DEBUG - Respuesta: {'lat': 3.55, 'lon': -76.38, 'alt_m': 961.0, 'alt_ft': 3152.89, 'wx_desc': 'Mostly cloudy', 'wx_code': 1, 'wx_icon': 'PartlyCloudyNight.gif', 'temp_c': 20.0, 'temp_f': 68.0, 'feelslike_c': 25.56, 'feelslike_f': 78.0, 'humid_pct': 94.0, 'windspd_mph': 0.0, 'windspd_kmh': 0.0, 'windspd_kts': 0.0, 'windspd_ms': 0.0, 'winddir_deg': 0.0, 'winddir_compass': 'N', 'cloudtotal_pct': 75.0, 'vis_km': 10.0, 'vis_mi': 6.21, 'vis_desc': None, 'slp_mb': 1012.9, 'slp_in': 30.0, 'dewpoint_c': 19.01, 'dewpoint_f': 66.21}
2025-02-13 04:11:31,861 - INFO - Clima actualizado exitosamente: > 14.0°C | Mostly cloudy
> Humedad: 94.0%
2025-02-13 04:11:31,880 - INFO - file_cache is only supported with oauth2client<4.0.0
2025-02-13 04:11:31,894 - DEBUG - URL being requested: GET https://www.googleapis.com/calendar/v3/calendars/primary/events?timeMin=2025-02-13T00%3A00%3A00-05%3A00&timeMax=2025-02-14T00%3A00%3A00-05%3A00&singleEvents=true&orderBy=startTime&alt=json
2025-02-24 10:51:10,027 - DEBUG - Intentando conectar a WeatherUnlocked...
2025-02-24 10:51:10,029 - DEBUG - Starting new HTTP connection (1): api.weatherunlocked.com:80
2025-02-24 10:51:10,694 - DEBUG - http://api.weatherunlocked.com:80 "GET /api/current/2.4448,-76.6147?app_id=e2c5c5e4&app_key=519d24835c42f18e42f8bfc8f64c3e6a HTTP/1.1" 200 456
2025-02-24 10:51:10,695 - DEBUG - Código de estado HTTP: 200
2025-02-24 10:51:10,695 - DEBUG - URL completa: http://api.weatherunlocked.com/api/current/2.4448,-76.6147?app_id=e2c5c5e4&app_key=519d24835c42f18e42f8bfc8f64c3e6a
2025-02-24 10:51:10,696 - DEBUG - Respuesta: {'lat': 3.55, 'lon': -76.38, 'alt_m': 961.0, 'alt_ft': 3152.89, 'wx_desc': 'Mostly cloudy', 'wx_code': 1, 'wx_icon': 'PartlyCloudyDay.gif', 'temp_c': 26.0, 'temp_f': 78.8, 'feelslike_c': 27.39, 'feelslike_f': 81.3, 'humid_pct': 70.0, 'windspd_mph': 0.0, 'windspd_kmh': 0.0, 'windspd_kts': 0.0, 'windspd_ms': 0.0, 'winddir_deg': 270.0, 'winddir_compass': 'W', 'cloudtotal_pct': 75.0, 'vis_km': 7.0, 'vis_mi': 4.35, 'vis_desc': None, 'slp_mb': 1016.9, 'slp_in': 30.11, 'dewpoint_c': 20.11, 'dewpoint_f': 68.2}
2025-02-24 10:51:10,696 - INFO - Clima actualizado exitosamente: > 20.0°C | Mostly cloudy
> Humedad: 70.0%
2025-02-24 10:51:10,704 - ERROR - Error en la autenticación: [Errno 2] No such file or directory: '/mnt/c/Users/Usuario/Projects/Alarm/credentials.json'
2025-02-24 10:51:10,704 - ERROR - Error inicializando Calendar Handler: Error en la autenticación con Google Calendar. Verifica tus credenciales y permisos.
2025-02-24 11:05:16,818 - DEBUG - Intentando conectar a WeatherUnlocked...
2025-02-24 11:05:16,820 - DEBUG - Starting new HTTP connection (1): api.weatherunlocked.com:80
2025-02-24 11:05:17,436 - DEBUG - http://api.weatherunlocked.com:80 "GET /api/current/2.4448,-76.6147?app_id=e2c5c5e4&app_key=519d24835c42f18e42f8bfc8f64c3e6a HTTP/1.1" 200 456
2025-02-24 11:05:17,436 - DEBUG - Código de estado HTTP: 200
2025-02-24 11:05:17,436 - DEBUG - URL completa: http://api.weatherunlocked.com/api/current/2.4448,-76.6147?app_id=e2c5c5e4&app_key=519d24835c42f18e42f8bfc8f64c3e6a
2025-02-24 11:05:17,437 - DEBUG - Respuesta: {'lat': 3.55, 'lon': -76.38, 'alt_m': 961.0, 'alt_ft': 3152.89, 'wx_desc': 'Mostly cloudy', 'wx_code': 1, 'wx_icon': 'PartlyCloudyDay.gif', 'temp_c': 26.0, 'temp_f': 78.8, 'feelslike_c': 27.39, 'feelslike_f': 81.3, 'humid_pct': 70.0, 'windspd_mph': 0.0, 'windspd_kmh': 0.0, 'windspd_kts': 0.0, 'windspd_ms': 0.0, 'winddir_deg': 270.0, 'winddir_compass': 'W', 'cloudtotal_pct': 75.0, 'vis_km': 7.0, 'vis_mi': 4.35, 'vis_desc': None, 'slp_mb': 1016.9, 'slp_in': 30.11, 'dewpoint_c': 20.11, 'dewpoint_f': 68.2}
2025-02-24 11:05:17,437 - INFO - Clima actualizado exitosamente: > 20.0°C | Mostly cloudy
> Humedad: 70.0%
2025-02-24 11:05:17,440 - DEBUG - Generated new state ncjoq9GbKt6A8nXhIClCLc2hmW76Bx.
2025-02-24 11:05:35,901 - INFO - "GET /?state=ncjoq9GbKt6A8nXhIClCLc2hmW76Bx&code=4/0ASVgi3IYx4QSonj5pmypz742IXtQWMZM9JCKOrvjzOJyuYPFdUxtAVlqIp_Zyc0r8eRkzQ&scope=https://www.googleapis.com/auth/calendar.readonly HTTP/1.1" 200 65
2025-02-24 11:05:35,901 - DEBUG - Encoding `client_id` "384496901896-pn4a386s71rtr54h30ucjqtdnr0aatnl.apps.googleusercontent.com" with `client_secret` as Basic auth credentials.
2025-02-24 11:05:35,902 - DEBUG - Requesting url https://oauth2.googleapis.com/token using method POST.
2025-02-24 11:05:35,902 - DEBUG - Supplying headers {'Accept': 'application/json', 'Content-Type': 'application/x-www-form-urlencoded'} and data {'grant_type': 'authorization_code', 'code': '4/0ASVgi3IYx4QSonj5pmypz742IXtQWMZM9JCKOrvjzOJyuYPFdUxtAVlqIp_Zyc0r8eRkzQ', 'redirect_uri': 'http://localhost:32941/'}
2025-02-24 11:05:35,903 - DEBUG - Passing through key word arguments {'timeout': None, 'auth': <requests.auth.HTTPBasicAuth object at 0x7f5369dc06b0>, 'verify': None, 'proxies': None, 'cert': None}.
2025-02-24 11:05:35,904 - DEBUG - Starting new HTTPS connection (1): oauth2.googleapis.com:443
2025-02-24 11:05:36,190 - DEBUG - https://oauth2.googleapis.com:443 "POST /token HTTP/1.1" 200 None
2025-02-24 11:05:36,191 - DEBUG - Request to fetch token completed with status 200.
2025-02-24 11:05:36,191 - DEBUG - Request url was https://oauth2.googleapis.com/token
2025-02-24 11:05:36,191 - DEBUG - Request headers were {'User-Agent': 'python-requests/2.32.3', 'Accept-Encoding': 'gzip, deflate', 'Accept': 'application/json', 'Connection': 'keep-alive', 'Content-Type': 'application/x-www-form-urlencoded', 'Content-Length': '157', 'Authorization': 'Basic Mzg0NDk2OTAxODk2LXBuNGEzODZzNzFydHI1NGgzMHVjanF0ZG5yMGFhdG5sLmFwcHMuZ29vZ2xldXNlcmNvbnRlbnQuY29tOkdPQ1NQWC14WnY2QzNBLUpSaEZoN2d5ZVR4enNKVlZvcWFP'}
2025-02-24 11:05:36,191 - DEBUG - Request body was grant_type=authorization_code&code=4%2F0ASVgi3IYx4QSonj5pmypz742IXtQWMZM9JCKOrvjzOJyuYPFdUxtAVlqIp_Zyc0r8eRkzQ&redirect_uri=http%3A%2F%2Flocalhost%3A32941%2F
2025-02-24 11:05:36,192 - DEBUG - Response headers were {'Pragma': 'no-cache', 'Date': 'Mon, 24 Feb 2025 16:05:35 GMT', 'Cache-Control': 'no-cache, no-store, max-age=0, must-revalidate', 'Expires': 'Mon, 01 Jan 1990 00:00:00 GMT', 'Content-Type': 'application/json; charset=utf-8', 'Vary': 'Origin, X-Origin, Referer', 'Content-Encoding': 'gzip', 'Server': 'scaffolding on HTTPServer2', 'X-XSS-Protection': '0', 'X-Frame-Options': 'SAMEORIGIN', 'X-Content-Type-Options': 'nosniff', 'Alt-Svc': 'h3=":443"; ma=2592000,h3-29=":443"; ma=2592000', 'Transfer-Encoding': 'chunked'} and content {
  "access_token": "ya29.a0AXeO80TDgNDTo_0XJo8BguIPwazUve35Umdiza1_Q5wq7vVVffJ4RuplkSsqn_8o3zSMBZdi1uTbTh6gdPqQvp9_YGit6_L-KilUtU4mlWtJycbhBFRaPAl6xZGy6d_MvO3cePuq47TyJKcYfgYdBYj1P4wDf23mVKdyQT5LaCgYKAeQSARESFQHGX2MiEUARSGHu6Q81ZNVhB7T18g0175",
  "expires_in": 3599,
  "refresh_token": "1//05o4dnjIRsWJ6CgYIARAAGAUSNwF-L9Irff4hMsldbNoC4kZmp98rTPf6HfuuwMujcerngWoY9r2JQ_5PDvlduqtTMkl7LWnWTSg",
  "scope": "https://www.googleapis.com/auth/calendar.readonly",
  "token_type": "Bearer",
  "refresh_token_expires_in": 604799
}.
2025-02-24 11:05:36,192 - DEBUG - Invoking 0 token response hooks.
2025-02-24 11:05:36,192 - DEBUG - Obtained token {'access_token': 'ya29.a0AXeO80TDgNDTo_0XJo8BguIPwazUve35Umdiza1_Q5wq7vVVffJ4RuplkSsqn_8o3zSMBZdi1uTbTh6gdPqQvp9_YGit6_L-KilUtU4mlWtJycbhBFRaPAl6xZGy6d_MvO3cePuq47TyJKcYfgYdBYj1P4wDf23mVKdyQT5LaCgYKAeQSARESFQHGX2MiEUARSGHu6Q81ZNVhB7T18g0175', 'expires_in': 3599, 'refresh_token': '1//05o4dnjIRsWJ6CgYIARAAGAUSNwF-L9Irff4hMsldbNoC4kZmp98rTPf6HfuuwMujcerngWoY9r2JQ_5PDvlduqtTMkl7LWnWTSg', 'scope': ['https://www.googleapis.com/auth/calendar.readonly'], 'token_type': 'Bearer', 'refresh_token_expires_in': 604799, 'expires_at': 1740416735.1926537}.
2025-02-24 11:05:36,197 - INFO - file_cache is only supported with oauth2client<4.0.0
2025-02-24 11:05:36,203 - DEBUG - URL being requested: GET https://www.googleapis.com/calendar/v3/calendars/primary/events?timeMin=2025-02-24T00%3A00%3A00-05%3A00&timeMax=2025-02-25T00%3A00%3A00-05%3A00&singleEvents=true&orderBy=startTime&alt=json
2025-02-24 11:08:38,561 - DEBUG - Intentando conectar a WeatherUnlocked...
2025-02-24 11:08:38,563 - DEBUG - Starting new HTTP connection (1): api.weatherunlocked.com:80
2025-02-24 11:08:39,099 - DEBUG - http://api.weatherunlocked.com:80 "GET /api/current/2.4448,-76.6147?app_id=e2c5c5e4&app_key=519d24835c42f18e42f8bfc8f64c3e6a HTTP/1.1" 200 456
2025-02-24 11:08:39,099 - DEBUG - Código de estado HTTP: 200
2025-02-24 11:08:39,099 - DEBUG - URL completa: http://api.weatherunlocked.com/api/current/2.4448,-76.6147?app_id=e2c5c5e4&app_key=519d24835c42f18e42f8bfc8f64c3e6a
2025-02-24 11:08:39,100 - DEBUG - Respuesta: {'lat': 3.55, 'lon': -76.38, 'alt_m': 961.0, 'alt_ft': 3152.89, 'wx_desc': 'Mostly cloudy', 'wx_code': 1, 'wx_icon': 'PartlyCloudyDay.gif', 'temp_c': 26.0, 'temp_f': 78.8, 'feelslike_c': 27.39, 'feelslike_f': 81.3, 'humid_pct': 70.0, 'windspd_mph': 0.0, 'windspd_kmh': 0.0, 'windspd_kts': 0.0, 'windspd_ms': 0.0, 'winddir_deg': 270.0, 'winddir_compass': 'W', 'cloudtotal_pct': 75.0, 'vis_km': 7.0, 'vis_mi': 4.35, 'vis_desc': None, 'slp_mb': 1016.9, 'slp_in': 30.11, 'dewpoint_c': 20.11, 'dewpoint_f': 68.2}
2025-02-24 11:08:39,100 - INFO - Clima actualizado exitosamente: > 20.0°C | Mostly cloudy
> Humedad: 70.0%
2025-02-24 11:08:39,105 - INFO - file_cache is only supported with oauth2client<4.0.0
2025-02-24 11:08:39,109 - DEBUG - URL being requested: GET https://www.googleapis.com/calendar/v3/calendars/primary/events?timeMin=2025-02-24T00%3A00%3A00-05%3A00&timeMax=2025-02-25T00%3A00%3A00-05%3A00&singleEvents=true&orderBy=startTime&alt=json
